Component: ARM Compiler 5.06 update 6 (build 750) Tool: armlink [4d35ed]

==============================================================================

Section Cross References

    startup_stm32f407xx.o(RESET) refers to startup_stm32f407xx.o(STACK) for __initial_sp
    startup_stm32f407xx.o(RESET) refers to startup_stm32f407xx.o(.text) for Reset_Handler
    startup_stm32f407xx.o(RESET) refers to stm32f4xx_it.o(i.NMI_Handler) for NMI_Handler
    startup_stm32f407xx.o(RESET) refers to stm32f4xx_it.o(i.HardFault_Handler) for HardFault_Handler
    startup_stm32f407xx.o(RESET) refers to stm32f4xx_it.o(i.MemManage_Handler) for MemManage_Handler
    startup_stm32f407xx.o(RESET) refers to stm32f4xx_it.o(i.BusFault_Handler) for BusFault_Handler
    startup_stm32f407xx.o(RESET) refers to stm32f4xx_it.o(i.UsageFault_Handler) for UsageFault_Handler
    startup_stm32f407xx.o(RESET) refers to port.o(.emb_text) for SVC_Handler
    startup_stm32f407xx.o(RESET) refers to stm32f4xx_it.o(i.DebugMon_Handler) for DebugMon_Handler
    startup_stm32f407xx.o(RESET) refers to port.o(i.SysTick_Handler) for SysTick_Handler
    startup_stm32f407xx.o(RESET) refers to stm32f4xx_it.o(i.DMA1_Stream1_IRQHandler) for DMA1_Stream1_IRQHandler
    startup_stm32f407xx.o(RESET) refers to stm32f4xx_it.o(i.CAN1_RX0_IRQHandler) for CAN1_RX0_IRQHandler
    startup_stm32f407xx.o(RESET) refers to stm32f4xx_it.o(i.USART1_IRQHandler) for USART1_IRQHandler
    startup_stm32f407xx.o(RESET) refers to stm32f4xx_it.o(i.USART3_IRQHandler) for USART3_IRQHandler
    startup_stm32f407xx.o(RESET) refers to stm32f4xx_it.o(i.TIM8_TRG_COM_TIM14_IRQHandler) for TIM8_TRG_COM_TIM14_IRQHandler
    startup_stm32f407xx.o(RESET) refers to stm32f4xx_it.o(i.DMA2_Stream1_IRQHandler) for DMA2_Stream1_IRQHandler
    startup_stm32f407xx.o(RESET) refers to stm32f4xx_it.o(i.DMA2_Stream2_IRQHandler) for DMA2_Stream2_IRQHandler
    startup_stm32f407xx.o(RESET) refers to stm32f4xx_it.o(i.CAN2_RX0_IRQHandler) for CAN2_RX0_IRQHandler
    startup_stm32f407xx.o(RESET) refers to stm32f4xx_it.o(i.OTG_FS_IRQHandler) for OTG_FS_IRQHandler
    startup_stm32f407xx.o(RESET) refers to stm32f4xx_it.o(i.DMA2_Stream6_IRQHandler) for DMA2_Stream6_IRQHandler
    startup_stm32f407xx.o(RESET) refers to stm32f4xx_it.o(i.DMA2_Stream7_IRQHandler) for DMA2_Stream7_IRQHandler
    startup_stm32f407xx.o(RESET) refers to stm32f4xx_it.o(i.USART6_IRQHandler) for USART6_IRQHandler
    startup_stm32f407xx.o(.text) refers to system_stm32f4xx.o(i.SystemInit) for SystemInit
    startup_stm32f407xx.o(.text) refers to entry.o(.ARM.Collect$$$$00000000) for __main
    main.o(i.HAL_TIM_PeriodElapsedCallback) refers to stm32f4xx_hal.o(i.HAL_IncTick) for HAL_IncTick
    main.o(i.SystemClock_Config) refers to memseta.o(.text) for __aeabi_memclr4
    main.o(i.SystemClock_Config) refers to stm32f4xx_hal_rcc.o(i.HAL_RCC_OscConfig) for HAL_RCC_OscConfig
    main.o(i.SystemClock_Config) refers to stm32f4xx_hal_rcc.o(i.HAL_RCC_ClockConfig) for HAL_RCC_ClockConfig
    main.o(i.main) refers to stm32f4xx_hal.o(i.HAL_Init) for HAL_Init
    main.o(i.main) refers to main.o(i.SystemClock_Config) for SystemClock_Config
    main.o(i.main) refers to gpio.o(i.MX_GPIO_Init) for MX_GPIO_Init
    main.o(i.main) refers to dma.o(i.MX_DMA_Init) for MX_DMA_Init
    main.o(i.main) refers to can.o(i.MX_CAN1_Init) for MX_CAN1_Init
    main.o(i.main) refers to tim.o(i.MX_TIM10_Init) for MX_TIM10_Init
    main.o(i.main) refers to can.o(i.MX_CAN2_Init) for MX_CAN2_Init
    main.o(i.main) refers to spi.o(i.MX_SPI1_Init) for MX_SPI1_Init
    main.o(i.main) refers to usb_device.o(i.MX_USB_DEVICE_Init) for MX_USB_DEVICE_Init
    main.o(i.main) refers to usart.o(i.MX_USART1_UART_Init) for MX_USART1_UART_Init
    main.o(i.main) refers to usart.o(i.MX_USART3_UART_Init) for MX_USART3_UART_Init
    main.o(i.main) refers to usart.o(i.MX_USART6_UART_Init) for MX_USART6_UART_Init
    main.o(i.main) refers to tim.o(i.MX_TIM4_Init) for MX_TIM4_Init
    main.o(i.main) refers to tim.o(i.MX_TIM5_Init) for MX_TIM5_Init
    main.o(i.main) refers to crc.o(i.MX_CRC_Init) for MX_CRC_Init
    main.o(i.main) refers to freertos.o(i.MX_FREERTOS_Init) for MX_FREERTOS_Init
    main.o(i.main) refers to cmsis_os.o(i.osKernelStart) for osKernelStart
    gpio.o(i.MX_GPIO_Init) refers to memseta.o(.text) for __aeabi_memclr4
    gpio.o(i.MX_GPIO_Init) refers to stm32f4xx_hal_gpio.o(i.HAL_GPIO_WritePin) for HAL_GPIO_WritePin
    gpio.o(i.MX_GPIO_Init) refers to stm32f4xx_hal_gpio.o(i.HAL_GPIO_Init) for HAL_GPIO_Init
    freertos.o(i.MX_FREERTOS_Init) refers to memcpya.o(.text) for __aeabi_memcpy4
    freertos.o(i.MX_FREERTOS_Init) refers to cmsis_os.o(i.osThreadCreate) for osThreadCreate
    freertos.o(i.MX_FREERTOS_Init) refers to freertos.o(.constdata) for .constdata
    freertos.o(i.MX_FREERTOS_Init) refers to freertos.o(.data) for .data
    freertos.o(i.StartDefaultTask) refers to usb_device.o(i.MX_USB_DEVICE_Init) for MX_USB_DEVICE_Init
[...]
    DMA1_Stream7_IRQHandler                  0x08000277   Thumb Code     0  startup_stm32f407xx.o(.text)
    DMA2_Stream0_IRQHandler                  0x08000277   Thumb Code     0  startup_stm32f407xx.o(.text)
    DMA2_Stream3_IRQHandler                  0x08000277   Thumb Code     0  startup_stm32f407xx.o(.text)
    DMA2_Stream4_IRQHandler                  0x08000277   Thumb Code     0  startup_stm32f407xx.o(.text)
    DMA2_Stream5_IRQHandler                  0x08000277   Thumb Code     0  startup_stm32f407xx.o(.text)
    ETH_IRQHandler                           0x08000277   Thumb Code     0  startup_stm32f407xx.o(.text)
    ETH_WKUP_IRQHandler                      0x08000277   Thumb Code     0  startup_stm32f407xx.o(.text)
    EXTI0_IRQHandler                         0x08000277   Thumb Code     0  startup_stm32f407xx.o(.text)
    EXTI15_10_IRQHandler                     0x08000277   Thumb Code     0  startup_stm32f407xx.o(.text)
    EXTI1_IRQHandler                         0x08000277   Thumb Code     0  startup_stm32f407xx.o(.text)
    EXTI2_IRQHandler                         0x08000277   Thumb Code     0  startup_stm32f407xx.o(.text)
    EXTI3_IRQHandler                         0x08000277   Thumb Code     0  startup_stm32f407xx.o(.text)
    EXTI4_IRQHandler                         0x08000277   Thumb Code     0  startup_stm32f407xx.o(.text)
    EXTI9_5_IRQHandler                       0x08000277   Thumb Code     0  startup_stm32f407xx.o(.text)
    FLASH_IRQHandler                         0x08000277   Thumb Code     0  startup_stm32f407xx.o(.text)
    FMC_IRQHandler                           0x08000277   Thumb Code     0  startup_stm32f407xx.o(.text)
    FPU_IRQHandler                           0x08000277   Thumb Code     0  startup_stm32f407xx.o(.text)
    HASH_RNG_IRQHandler                      0x08000277   Thumb Code     0  startup_stm32f407xx.o(.text)
    I2C1_ER_IRQHandler                       0x08000277   Thumb Code     0  startup_stm32f407xx.o(.text)
    I2C1_EV_IRQHandler                       0x08000277   Thumb Code     0  startup_stm32f407xx.o(.text)
    I2C2_ER_IRQHandler                       0x08000277   Thumb Code     0  startup_stm32f407xx.o(.text)
    I2C2_EV_IRQHandler                       0x08000277   Thumb Code     0  startup_stm32f407xx.o(.text)
    I2C3_ER_IRQHandler                       0x08000277   Thumb Code     0  startup_stm32f407xx.o(.text)
    I2C3_EV_IRQHandler                       0x08000277   Thumb Code     0  startup_stm32f407xx.o(.text)
    OTG_FS_WKUP_IRQHandler                   0x08000277   Thumb Code     0  startup_stm32f407xx.o(.text)
    OTG_HS_EP1_IN_IRQHandler                 0x08000277   Thumb Code     0  startup_stm32f407xx.o(.text)
    OTG_HS_EP1_OUT_IRQHandler                0x08000277   Thumb Code     0  startup_stm32f407xx.o(.text)
    OTG_HS_IRQHandler                        0x08000277   Thumb Code     0  startup_stm32f407xx.o(.text)
    OTG_HS_WKUP_IRQHandler                   0x08000277   Thumb Code     0  startup_stm32f407xx.o(.text)
    PVD_IRQHandler                           0x08000277   Thumb Code     0  startup_stm32f407xx.o(.text)
    RCC_IRQHandler                           0x08000277   Thumb Code     0  startup_stm32f407xx.o(.text)
    RTC_Alarm_IRQHandler                     0x08000277   Thumb Code     0  startup_stm32f407xx.o(.text)
    RTC_WKUP_IRQHandler                      0x08000277   Thumb Code     0  startup_stm32f407xx.o(.text)
    SDIO_IRQHandler                          0x08000277   Thumb Code     0  startup_stm32f407xx.o(.text)
    SPI1_IRQHandler                          0x08000277   Thumb Code     0  startup_stm32f407xx.o(.text)
    SPI2_IRQHandler                          0x08000277   Thumb Code     0  startup_stm32f407xx.o(.text)
    SPI3_IRQHandler                          0x08000277   Thumb Code     0  startup_stm32f407xx.o(.text)
    TAMP_STAMP_IRQHandler                    0x08000277   Thumb Code     0  startup_stm32f407xx.o(.text)
    TIM1_BRK_TIM9_IRQHandler                 0x08000277   Thumb Code     0  startup_stm32f407xx.o(.text)
    TIM1_CC_IRQHandler                       0x08000277   Thumb Code     0  startup_stm32f407xx.o(.text)
    TIM1_TRG_COM_TIM11_IRQHandler            0x08000277   Thumb Code     0  startup_stm32f407xx.o(.text)
    TIM1_UP_TIM10_IRQHandler                 0x08000277   Thumb Code     0  startup_stm32f407xx.o(.text)
    TIM2_IRQHandler                          0x08000277   Thumb Code     0  startup_stm32f407xx.o(.text)
    TIM3_IRQHandler                          0x08000277   Thumb Code     0  startup_stm32f407xx.o(.text)
    TIM4_IRQHandler                          0x08000277   Thumb Code     0  startup_stm32f407xx.o(.text)
    TIM5_IRQHandler                          0x08000277   Thumb Code     0  startup_stm32f407xx.o(.text)
    TIM6_DAC_IRQHandler                      0x08000277   Thumb Code     0  startup_stm32f407xx.o(.text)
    TIM7_IRQHandler                          0x08000277   Thumb Code     0  startup_stm32f407xx.o(.text)
    TIM8_BRK_TIM12_IRQHandler                0x08000277   Thumb Code     0  startup_stm32f407xx.o(.text)
    TIM8_CC_IRQHandler                       0x08000277   Thumb Code     0  startup_stm32f407xx.o(.text)
    TIM8_UP_TIM13_IRQHandler                 0x08000277   Thumb Code     0  startup_stm32f407xx.o(.text)
    UART4_IRQHandler                         0x08000277   Thumb Code     0  startup_stm32f407xx.o(.text)
    UART5_IRQHandler                         0x08000277   Thumb Code     0  startup_stm32f407xx.o(.text)
    USART2_IRQHandler                        0x08000277   Thumb Code     0  startup_stm32f407xx.o(.text)
    WWDG_IRQHandler                          0x08000277   Thumb Code     0  startup_stm32f407xx.o(.text)
    __aeabi_uldivmod                         0x08000281   Thumb Code    98  uldiv.o(.text)
    __aeabi_memcpy                           0x080002e3   Thumb Code    36  memcpya.o(.text)
    __aeabi_memcpy4                          0x080002e3   Thumb Code     0  memcpya.o(.text)
    __aeabi_memcpy8                          0x080002e3   Thumb Code     0  memcpya.o(.text)
    __aeabi_memset                           0x08000307   Thumb Code    14  memseta.o(.text)
    __aeabi_memset4                          0x08000307   Thumb Code     0  memseta.o(.text)
    __aeabi_memset8                          0x08000307   Thumb Code     0  memseta.o(.text)
    __aeabi_memclr                           0x08000315   Thumb Code     4  memseta.o(.text)
    __aeabi_memclr4                          0x08000315   Thumb Code     0  memseta.o(.text)
    __aeabi_memclr8                          0x08000315   Thumb Code     0  memseta.o(.text)
    memset                                   0x08000319   Thumb Code    18  memseta.o(.text)
    __aeabi_dadd                             0x0800032b   Thumb Code   322  dadd.o(.text)
    __aeabi_dsub                             0x0800046d   Thumb Code     6  dadd.o(.text)
    __aeabi_drsub                            0x08000473   Thumb Code     6  dadd.o(.text)
    __aeabi_dmul                             0x08000479   Thumb Code   228  dmul.o(.text)
    __aeabi_ddiv                             0x0800055d   Thumb Code   222  ddiv.o(.text)
    __aeabi_uidiv                            0x0800063b   Thumb Code     0  uidiv.o(.text)
    __aeabi_uidivmod                         0x0800063b   Thumb Code    44  uidiv.o(.text)
    __aeabi_llsl                             0x08000667   Thumb Code    30  llshl.o(.text)
    _ll_shift_l                              0x08000667   Thumb Code     0  llshl.o(.text)
    __aeabi_llsr                             0x08000685   Thumb Code    32  llushr.o(.text)
    _ll_ushift_r                             0x08000685   Thumb Code     0  llushr.o(.text)
    __aeabi_lasr                             0x080006a5   Thumb Code    36  llsshr.o(.text)
    _ll_sshift_r                             0x080006a5   Thumb Code     0  llsshr.o(.text)
    __I$use$fp                               0x080006c9   Thumb Code     0  iusefp.o(.text)
    _double_round                            0x080006c9   Thumb Code    30  depilogue.o(.text)
    _double_epilogue                         0x080006e7   Thumb Code   156  depilogue.o(.text)
    __aeabi_d2ulz                            0x08000783   Thumb Code    48  dfixul.o(.text)
    __aeabi_cdrcmple                         0x080007b5   Thumb Code    48  cdrcmple.o(.text)
    __scatterload                            0x080007e5   Thumb Code    28  init.o(.text)
    __scatterload_rt2                        0x080007e5   Thumb Code     0  init.o(.text)
    __decompress                             0x08000809   Thumb Code     0  __dczerorl2.o(.text)
    __decompress1                            0x08000809   Thumb Code    86  __dczerorl2.o(.text)
    BusFault_Handler                         0x0800085f   Thumb Code     2  stm32f4xx_it.o(i.BusFault_Handler)
    CAN1_RX0_IRQHandler                      0x08000861   Thumb Code     6  stm32f4xx_it.o(i.CAN1_RX0_IRQHandler)
    CAN2_RX0_IRQHandler                      0x0800086d   Thumb Code     6  stm32f4xx_it.o(i.CAN2_RX0_IRQHandler)
    CDC_Transmit_FS                          0x080008e9   Thumb Code    92  usbd_cdc_if.o(i.CDC_Transmit_FS)
    Callback_RC_Handle                       0x08000949   Thumb Code   130  remote_control.o(i.Callback_RC_Handle)
    DMA1_Stream1_IRQHandler                  0x080009cd   Thumb Code     6  stm32f4xx_it.o(i.DMA1_Stream1_IRQHandler)
    DMA2_Stream1_IRQHandler                  0x080009d9   Thumb Code     6  stm32f4xx_it.o(i.DMA2_Stream1_IRQHandler)
    DMA2_Stream2_IRQHandler                  0x080009e5   Thumb Code     6  stm32f4xx_it.o(i.DMA2_Stream2_IRQHandler)
    DMA2_Stream6_IRQHandler                  0x080009f1   Thumb Code     6  stm32f4xx_it.o(i.DMA2_Stream6_IRQHandler)
    DMA2_Stream7_IRQHandler                  0x080009fd   Thumb Code     6  stm32f4xx_it.o(i.DMA2_Stream7_IRQHandler)
    DebugMon_Handler                         0x08000a85   Thumb Code     2  stm32f4xx_it.o(i.DebugMon_Handler)
    Error_Handler                            0x08000a87   Thumb Code     4  main.o(i.Error_Handler)
    Get_CRC16_Check_Sum                      0x08000a8d   Thumb Code    38  crcn.o(i.Get_CRC16_Check_Sum)
    Get_CRC8_Check_Sum                       0x08000ab9   Thumb Code    24  crcn.o(i.Get_CRC8_Check_Sum)
    HAL_CAN_ErrorCallback                    0x08000ad5   Thumb Code     2  stm32f4xx_hal_can.o(i.HAL_CAN_ErrorCallback)
    HAL_CAN_GetRxMessage                     0x08000ad7   Thumb Code   232  stm32f4xx_hal_can.o(i.HAL_CAN_GetRxMessage)
    HAL_CAN_IRQHandler                       0x08000bbf   Thumb Code   508  stm32f4xx_hal_can.o(i.HAL_CAN_IRQHandler)
    HAL_CAN_Init                             0x08000dbb   Thumb Code   282  stm32f4xx_hal_can.o(i.HAL_CAN_Init)
    HAL_CAN_MspInit                          0x08000ed5   Thumb Code   226  can.o(i.HAL_CAN_MspInit)
    HAL_CAN_RxFifo0FullCallback              0x08000fd1   Thumb Code     2  stm32f4xx_hal_can.o(i.HAL_CAN_RxFifo0FullCallback)
    HAL_CAN_RxFifo0MsgPendingCallback        0x08000fd5   Thumb Code    78  bsp_can.o(i.HAL_CAN_RxFifo0MsgPendingCallback)
    HAL_CAN_RxFifo1FullCallback              0x0800102d   Thumb Code     2  stm32f4xx_hal_can.o(i.HAL_CAN_RxFifo1FullCallback)
    HAL_CAN_RxFifo1MsgPendingCallback        0x0800102f   Thumb Code     2  stm32f4xx_hal_can.o(i.HAL_CAN_RxFifo1MsgPendingCallback)
    HAL_CAN_SleepCallback                    0x08001031   Thumb Code     2  stm32f4xx_hal_can.o(i.HAL_CAN_SleepCallback)
    HAL_CAN_TxMailbox0AbortCallback          0x08001033   Thumb Code     2  stm32f4xx_hal_can.o(i.HAL_CAN_TxMailbox0AbortCallback)
    HAL_CAN_TxMailbox0CompleteCallback       0x08001035   Thumb Code     2  stm32f4xx_hal_can.o(i.HAL_CAN_TxMailbox0CompleteCallback)
    HAL_CAN_TxMailbox1AbortCallback          0x08001037   Thumb Code     2  stm32f4xx_hal_can.o(i.HAL_CAN_TxMailbox1AbortCallback)
    HAL_CAN_TxMailbox1CompleteCallback       0x08001039   Thumb Code     2  stm32f4xx_hal_can.o(i.HAL_CAN_TxMailbox1CompleteCallback)
    HAL_CAN_TxMailbox2AbortCallback          0x0800103b   Thumb Code     2  stm32f4xx_hal_can.o(i.HAL_CAN_TxMailbox2AbortCallback)
    HAL_CAN_TxMailbox2CompleteCallback       0x0800103d   Thumb Code     2  stm32f4xx_hal_can.o(i.HAL_CAN_TxMailbox2CompleteCallback)
    HAL_CAN_WakeUpFromRxMsgCallback          0x0800103f   Thumb Code     2  stm32f4xx_hal_can.o(i.HAL_CAN_WakeUpFromRxMsgCallback)
    HAL_CRC_Init                             0x08001041   Thumb Code    34  stm32f4xx_hal_crc.o(i.HAL_CRC_Init)
    HAL_CRC_MspInit                          0x08001065   Thumb Code    30  crc.o(i.HAL_CRC_MspInit)
    HAL_DMA_Abort                            0x0800108d   Thumb Code   146  stm32f4xx_hal_dma.o(i.HAL_DMA_Abort)
    HAL_DMA_Abort_IT                         0x0800111f   Thumb Code    36  stm32f4xx_hal_dma.o(i.HAL_DMA_Abort_IT)
    HAL_DMA_IRQHandler                       0x08001145   Thumb Code   412  stm32f4xx_hal_dma.o(i.HAL_DMA_IRQHandler)
    HAL_DMA_Init                             0x080012e5   Thumb Code   206  stm32f4xx_hal_dma.o(i.HAL_DMA_Init)
    HAL_Delay                                0x080013b9   Thumb Code    32  stm32f4xx_hal.o(i.HAL_Delay)
    HAL_GPIO_Init                            0x080013dd   Thumb Code   450  stm32f4xx_hal_gpio.o(i.HAL_GPIO_Init)
    HAL_GPIO_WritePin                        0x080015cd   Thumb Code    10  stm32f4xx_hal_gpio.o(i.HAL_GPIO_WritePin)
    HAL_GetTick                              0x080015d9   Thumb Code     6  stm32f4xx_hal.o(i.HAL_GetTick)
    HAL_IncTick                              0x080015e5   Thumb Code    12  stm32f4xx_hal.o(i.HAL_IncTick)
    HAL_Init                                 0x080015f5   Thumb Code    48  stm32f4xx_hal.o(i.HAL_Init)
    HAL_InitTick                             0x08001629   Thumb Code   132  stm32f4xx_hal_timebase_tim.o(i.HAL_InitTick)
    HAL_MspInit                              0x080016c1   Thumb Code    52  stm32f4xx_hal_msp.o(i.HAL_MspInit)
    HAL_NVIC_EnableIRQ                       0x080016f9   Thumb Code    26  stm32f4xx_hal_cortex.o(i.HAL_NVIC_EnableIRQ)
    HAL_NVIC_SetPriority                     0x08001715   Thumb Code    60  stm32f4xx_hal_cortex.o(i.HAL_NVIC_SetPriority)
    HAL_NVIC_SetPriorityGrouping             0x08001755   Thumb Code    26  stm32f4xx_hal_cortex.o(i.HAL_NVIC_SetPriorityGrouping)
    HAL_PCDEx_LPM_Callback                   0x08001779   Thumb Code     2  stm32f4xx_hal_pcd_ex.o(i.HAL_PCDEx_LPM_Callback)
    HAL_PCDEx_SetRxFiFo                      0x0800177b   Thumb Code     8  stm32f4xx_hal_pcd_ex.o(i.HAL_PCDEx_SetRxFiFo)
    HAL_PCDEx_SetTxFiFo                      0x08001783   Thumb Code    68  stm32f4xx_hal_pcd_ex.o(i.HAL_PCDEx_SetTxFiFo)
    HAL_PCD_ConnectCallback                  0x080017c7   Thumb Code     8  usbd_conf.o(i.HAL_PCD_ConnectCallback)
    HAL_PCD_DataInStageCallback              0x080017cf   Thumb Code    18  usbd_conf.o(i.HAL_PCD_DataInStageCallback)
    HAL_PCD_DataOutStageCallback             0x080017e1   Thumb Code    20  usbd_conf.o(i.HAL_PCD_DataOutStageCallback)
    HAL_PCD_DisconnectCallback               0x080017f5   Thumb Code     8  usbd_conf.o(i.HAL_PCD_DisconnectCallback)
    HAL_PCD_EP_Abort                         0x080017fd   Thumb Code    30  stm32f4xx_hal_pcd.o(i.HAL_PCD_EP_Abort)
    HAL_PCD_EP_Close                         0x0800181b   Thumb Code    76  stm32f4xx_hal_pcd.o(i.HAL_PCD_EP_Close)
    HAL_PCD_EP_ClrStall                      0x08001867   Thumb Code    92  stm32f4xx_hal_pcd.o(i.HAL_PCD_EP_ClrStall)
    HAL_PCD_EP_GetRxCount                    0x080018c3   Thumb Code    18  stm32f4xx_hal_pcd.o(i.HAL_PCD_EP_GetRxCount)
    HAL_PCD_EP_Open                          0x080018d5   Thumb Code    96  stm32f4xx_hal_pcd.o(i.HAL_PCD_EP_Open)
    HAL_PCD_EP_Receive                       0x08001935   Thumb Code    72  stm32f4xx_hal_pcd.o(i.HAL_PCD_EP_Receive)
    HAL_PCD_EP_SetStall                      0x0800197d   Thumb Code   116  stm32f4xx_hal_pcd.o(i.HAL_PCD_EP_SetStall)
    HAL_PCD_EP_Transmit                      0x080019f1   Thumb Code    64  stm32f4xx_hal_pcd.o(i.HAL_PCD_EP_Transmit)
    HAL_PCD_IRQHandler                       0x08001a31   Thumb Code  1376  stm32f4xx_hal_pcd.o(i.HAL_PCD_IRQHandler)
    HAL_PCD_ISOINIncompleteCallback          0x08001f91   Thumb Code     8  usbd_conf.o(i.HAL_PCD_ISOINIncompleteCallback)
    HAL_PCD_ISOOUTIncompleteCallback         0x08001f99   Thumb Code     8  usbd_conf.o(i.HAL_PCD_ISOOUTIncompleteCallback)
    HAL_PCD_Init                             0x08001fa1   Thumb Code   226  stm32f4xx_hal_pcd.o(i.HAL_PCD_Init)
    HAL_PCD_MspInit                          0x08002085   Thumb Code   122  usbd_conf.o(i.HAL_PCD_MspInit)
    HAL_PCD_ResetCallback                    0x08002109   Thumb Code    44  usbd_conf.o(i.HAL_PCD_ResetCallback)
    HAL_PCD_ResumeCallback                   0x08002135   Thumb Code     8  usbd_conf.o(i.HAL_PCD_ResumeCallback)
    HAL_PCD_SOFCallback                      0x0800213d   Thumb Code     8  usbd_conf.o(i.HAL_PCD_SOFCallback)
    HAL_PCD_SetAddress                       0x08002145   Thumb Code    40  stm32f4xx_hal_pcd.o(i.HAL_PCD_SetAddress)
    HAL_PCD_SetupStageCallback               0x0800216d   Thumb Code    14  usbd_conf.o(i.HAL_PCD_SetupStageCallback)
    HAL_PCD_Start                            0x0800217b   Thumb Code    66  stm32f4xx_hal_pcd.o(i.HAL_PCD_Start)
    HAL_PCD_SuspendCallback                  0x080021bd   Thumb Code    44  usbd_conf.o(i.HAL_PCD_SuspendCallback)
    HAL_RCC_ClockConfig                      0x080021ed   Thumb Code   288  stm32f4xx_hal_rcc.o(i.HAL_RCC_ClockConfig)
    HAL_RCC_GetClockConfig                   0x08002321   Thumb Code    54  stm32f4xx_hal_rcc.o(i.HAL_RCC_GetClockConfig)
    HAL_RCC_GetHCLKFreq                      0x08002361   Thumb Code     6  stm32f4xx_hal_rcc.o(i.HAL_RCC_GetHCLKFreq)
    HAL_RCC_GetPCLK1Freq                     0x0800236d   Thumb Code    20  stm32f4xx_hal_rcc.o(i.HAL_RCC_GetPCLK1Freq)
    HAL_RCC_GetPCLK2Freq                     0x0800238d   Thumb Code    20  stm32f4xx_hal_rcc.o(i.HAL_RCC_GetPCLK2Freq)
    HAL_RCC_GetSysClockFreq                  0x080023ad   Thumb Code    88  stm32f4xx_hal_rcc.o(i.HAL_RCC_GetSysClockFreq)
    HAL_RCC_OscConfig                        0x08002411   Thumb Code   856  stm32f4xx_hal_rcc.o(i.HAL_RCC_OscConfig)
    HAL_SPI_Init                             0x0800277d   Thumb Code   188  stm32f4xx_hal_spi.o(i.HAL_SPI_Init)
    HAL_SPI_MspInit                          0x08002839   Thumb Code   128  spi.o(i.HAL_SPI_MspInit)
    HAL_TIMEx_BreakCallback                  0x080028c9   Thumb Code     2  stm32f4xx_hal_tim_ex.o(i.HAL_TIMEx_BreakCallback)
    HAL_TIMEx_CommutCallback                 0x080028cb   Thumb Code     2  stm32f4xx_hal_tim_ex.o(i.HAL_TIMEx_CommutCallback)
    HAL_TIMEx_MasterConfigSynchronization    0x080028cd   Thumb Code   116  stm32f4xx_hal_tim_ex.o(i.HAL_TIMEx_MasterConfigSynchronization)
    HAL_TIM_Base_Init                        0x0800295d   Thumb Code    90  stm32f4xx_hal_tim.o(i.HAL_TIM_Base_Init)
    HAL_TIM_Base_MspInit                     0x080029b9   Thumb Code    78  tim.o(i.HAL_TIM_Base_MspInit)
    HAL_TIM_Base_Start_IT                    0x08002a19   Thumb Code   100  stm32f4xx_hal_tim.o(i.HAL_TIM_Base_Start_IT)
    HAL_TIM_ConfigClockSource                0x08002a99   Thumb Code   220  stm32f4xx_hal_tim.o(i.HAL_TIM_ConfigClockSource)
    HAL_TIM_IC_CaptureCallback               0x08002b75   Thumb Code     2  stm32f4xx_hal_tim.o(i.HAL_TIM_IC_CaptureCallback)
    HAL_TIM_IRQHandler                       0x08002b77   Thumb Code   358  stm32f4xx_hal_tim.o(i.HAL_TIM_IRQHandler)
    HAL_TIM_MspPostInit                      0x08002cdd   Thumb Code   150  tim.o(i.HAL_TIM_MspPostInit)
    HAL_TIM_OC_DelayElapsedCallback          0x08002d91   Thumb Code     2  stm32f4xx_hal_tim.o(i.HAL_TIM_OC_DelayElapsedCallback)
    HAL_TIM_PWM_ConfigChannel                0x08002d93   Thumb Code   204  stm32f4xx_hal_tim.o(i.HAL_TIM_PWM_ConfigChannel)
    HAL_TIM_PWM_Init                         0x08002e5f   Thumb Code    90  stm32f4xx_hal_tim.o(i.HAL_TIM_PWM_Init)
    HAL_TIM_PWM_MspInit                      0x08002eb9   Thumb Code     2  stm32f4xx_hal_tim.o(i.HAL_TIM_PWM_MspInit)
    HAL_TIM_PWM_PulseFinishedCallback        0x08002ebb   Thumb Code     2  stm32f4xx_hal_tim.o(i.HAL_TIM_PWM_PulseFinishedCallback)
    HAL_TIM_PeriodElapsedCallback            0x08002ebd   Thumb Code    14  main.o(i.HAL_TIM_PeriodElapsedCallback)
    HAL_TIM_TriggerCallback                  0x08002ed1   Thumb Code     2  stm32f4xx_hal_tim.o(i.HAL_TIM_TriggerCallback)
    HAL_UARTEx_RxEventCallback               0x08002ed3   Thumb Code     2  stm32f4xx_hal_uart.o(i.HAL_UARTEx_RxEventCallback)
    HAL_UART_ErrorCallback                   0x08002ed5   Thumb Code     2  stm32f4xx_hal_uart.o(i.HAL_UART_ErrorCallback)
    HAL_UART_IDLE_IRQHandler                 0x08002ed9   Thumb Code   232  bsp_usart.o(i.HAL_UART_IDLE_IRQHandler)
    HAL_UART_IRQHandler                      0x08002fd5   Thumb Code   610  stm32f4xx_hal_uart.o(i.HAL_UART_IRQHandler)
    HAL_UART_Init                            0x0800323d   Thumb Code    98  stm32f4xx_hal_uart.o(i.HAL_UART_Init)
    HAL_UART_MspInit                         0x080032a1   Thumb Code   574  usart.o(i.HAL_UART_MspInit)
    HAL_UART_RxCpltCallback                  0x08003511   Thumb Code     2  stm32f4xx_hal_uart.o(i.HAL_UART_RxCpltCallback)
    HAL_UART_TxCpltCallback                  0x08003513   Thumb Code     2  stm32f4xx_hal_uart.o(i.HAL_UART_TxCpltCallback)
    HT_MOTOR_GET_MESSAGE                     0x08003515   Thumb Code    90  ht_motor.o(i.HT_MOTOR_GET_MESSAGE)
    HardFault_Handler                        0x08003581   Thumb Code     2  stm32f4xx_it.o(i.HardFault_Handler)
    MX_CAN1_Init                             0x080035bd   Thumb Code    60  can.o(i.MX_CAN1_Init)
    MX_CAN2_Init                             0x08003601   Thumb Code    60  can.o(i.MX_CAN2_Init)
    MX_CRC_Init                              0x08003645   Thumb Code    28  crc.o(i.MX_CRC_Init)
    MX_DMA_Init                              0x08003669   Thumb Code   120  dma.o(i.MX_DMA_Init)
    MX_FREERTOS_Init                         0x080036e5   Thumb Code    30  freertos.o(i.MX_FREERTOS_Init)
    MX_GPIO_Init                             0x0800370d   Thumb Code   192  gpio.o(i.MX_GPIO_Init)
    MX_SPI1_Init                             0x080037d9   Thumb Code    64  spi.o(i.MX_SPI1_Init)
    MX_TIM10_Init                            0x08003821   Thumb Code    92  tim.o(i.MX_TIM10_Init)
    MX_TIM4_Init                             0x08003885   Thumb Code   144  tim.o(i.MX_TIM4_Init)
    MX_TIM5_Init                             0x0800391d   Thumb Code   174  tim.o(i.MX_TIM5_Init)
    MX_USART1_UART_Init                      0x080039d5   Thumb Code    48  usart.o(i.MX_USART1_UART_Init)
    MX_USART3_UART_Init                      0x08003a0d   Thumb Code    46  usart.o(i.MX_USART3_UART_Init)
    MX_USART6_UART_Init                      0x08003a49   Thumb Code    48  usart.o(i.MX_USART6_UART_Init)
    MX_USB_DEVICE_Init                       0x08003a81   Thumb Code    66  usb_device.o(i.MX_USB_DEVICE_Init)
    MemManage_Handler                        0x08003ad5   Thumb Code     2  stm32f4xx_it.o(i.MemManage_Handler)
    NMI_Handler                              0x08003ad7   Thumb Code     2  stm32f4xx_it.o(i.NMI_Handler)
    OTG_FS_IRQHandler                        0x08003ad9   Thumb Code     6  stm32f4xx_it.o(i.OTG_FS_IRQHandler)
    StartDefaultTask                         0x08003c5d   Thumb Code    50  freertos.o(i.StartDefaultTask)
    SysTick_Handler                          0x08003ca5   Thumb Code    38  port.o(i.SysTick_Handler)
    SystemClock_Config                       0x08003cd1   Thumb Code   140  main.o(i.SystemClock_Config)
    SystemInit                               0x08003d65   Thumb Code    12  system_stm32f4xx.o(i.SystemInit)
    TIM8_TRG_COM_TIM14_IRQHandler            0x08003d75   Thumb Code     6  stm32f4xx_it.o(i.TIM8_TRG_COM_TIM14_IRQHandler)
    TIM_Base_SetConfig                       0x08003d81   Thumb Code   156  stm32f4xx_hal_tim.o(i.TIM_Base_SetConfig)
    TIM_ETR_SetConfig                        0x08003e49   Thumb Code    20  stm32f4xx_hal_tim.o(i.TIM_ETR_SetConfig)
    TIM_OC2_SetConfig                        0x08003ecd   Thumb Code    98  stm32f4xx_hal_tim.o(i.TIM_OC2_SetConfig)
    USART1_IRQHandler                        0x08004261   Thumb Code     6  stm32f4xx_it.o(i.USART1_IRQHandler)
    USART3_IRQHandler                        0x0800426d   Thumb Code     6  stm32f4xx_it.o(i.USART3_IRQHandler)
    USART6_IRQHandler                        0x08004279   Thumb Code     6  stm32f4xx_it.o(i.USART6_IRQHandler)
    USBD_CDC_GetDeviceQualifierDescriptor    0x08004401   Thumb Code     8  usbd_cdc.o(i.USBD_CDC_GetDeviceQualifierDescriptor)
    USBD_CDC_ReceivePacket                   0x080045dd   Thumb Code    50  usbd_cdc.o(i.USBD_CDC_ReceivePacket)
    USBD_CDC_RegisterInterface               0x08004615   Thumb Code    22  usbd_cdc.o(i.USBD_CDC_RegisterInterface)
    USBD_CDC_SetRxBuffer                     0x0800462b   Thumb Code    26  usbd_cdc.o(i.USBD_CDC_SetRxBuffer)
    USBD_CDC_SetTxBuffer                     0x08004645   Thumb Code    30  usbd_cdc.o(i.USBD_CDC_SetTxBuffer)
    USBD_CDC_TransmitPacket                  0x08004739   Thumb Code    76  usbd_cdc.o(i.USBD_CDC_TransmitPacket)
    USBD_ClrClassConfig                      0x08004789   Thumb Code    20  usbd_core.o(i.USBD_ClrClassConfig)
    USBD_CoreFindEP                          0x0800479d   Thumb Code     4  usbd_core.o(i.USBD_CoreFindEP)
    USBD_CoreFindIF                          0x080047a1   Thumb Code     4  usbd_core.o(i.USBD_CoreFindIF)
    USBD_CtlContinueRx                       0x080047a5   Thumb Code    16  usbd_ioreq.o(i.USBD_CtlContinueRx)
    USBD_CtlContinueSendData                 0x080047b5   Thumb Code    16  usbd_ioreq.o(i.USBD_CtlContinueSendData)
    USBD_CtlError                            0x080047c5   Thumb Code    22  usbd_ctlreq.o(i.USBD_CtlError)
    USBD_CtlPrepareRx                        0x080047db   Thumb Code    30  usbd_ioreq.o(i.USBD_CtlPrepareRx)
    USBD_CtlReceiveStatus                    0x080047f9   Thumb Code    22  usbd_ioreq.o(i.USBD_CtlReceiveStatus)
    USBD_CtlSendData                         0x0800480f   Thumb Code    26  usbd_ioreq.o(i.USBD_CtlSendData)
    USBD_CtlSendStatus                       0x08004829   Thumb Code    22  usbd_ioreq.o(i.USBD_CtlSendStatus)
    USBD_FS_ConfigStrDescriptor              0x08004841   Thumb Code    16  usbd_desc.o(i.USBD_FS_ConfigStrDescriptor)
    USBD_FS_DeviceDescriptor                 0x08004861   Thumb Code     8  usbd_desc.o(i.USBD_FS_DeviceDescriptor)
    USBD_FS_InterfaceStrDescriptor           0x0800486d   Thumb Code    16  usbd_desc.o(i.USBD_FS_InterfaceStrDescriptor)
    USBD_FS_LangIDStrDescriptor              0x08004891   Thumb Code     8  usbd_desc.o(i.USBD_FS_LangIDStrDescriptor)
    USBD_FS_ManufacturerStrDescriptor        0x0800489d   Thumb Code    16  usbd_desc.o(i.USBD_FS_ManufacturerStrDescriptor)
    USBD_FS_ProductStrDescriptor             0x080048c5   Thumb Code    16  usbd_desc.o(i.USBD_FS_ProductStrDescriptor)
    USBD_FS_SerialStrDescriptor              0x080048f1   Thumb Code    48  usbd_desc.o(i.USBD_FS_SerialStrDescriptor)
    USBD_GetEpDesc                           0x08004a0f   Thumb Code    58  usbd_core.o(i.USBD_GetEpDesc)
    USBD_GetNextDesc                         0x08004a49   Thumb Code    14  usbd_core.o(i.USBD_GetNextDesc)
    USBD_GetString                           0x08004a57   Thumb Code    72  usbd_ctlreq.o(i.USBD_GetString)
    USBD_Get_USB_Status                      0x08004a9f   Thumb Code    24  usbd_conf.o(i.USBD_Get_USB_Status)
    USBD_Init                                0x08004ab7   Thumb Code    38  usbd_core.o(i.USBD_Init)
    USBD_LL_ClearStallEP                     0x08004add   Thumb Code    18  usbd_conf.o(i.USBD_LL_ClearStallEP)
    USBD_LL_CloseEP                          0x08004aef   Thumb Code    18  usbd_conf.o(i.USBD_LL_CloseEP)
    USBD_LL_DataInStage                      0x08004b01   Thumb Code   182  usbd_core.o(i.USBD_LL_DataInStage)
    USBD_LL_DataOutStage                     0x08004bb7   Thumb Code   142  usbd_core.o(i.USBD_LL_DataOutStage)
    USBD_LL_DevConnected                     0x08004c45   Thumb Code     4  usbd_core.o(i.USBD_LL_DevConnected)
    USBD_LL_DevDisconnected                  0x08004c49   Thumb Code    30  usbd_core.o(i.USBD_LL_DevDisconnected)
    USBD_LL_GetRxDataSize                    0x08004c67   Thumb Code     8  usbd_conf.o(i.USBD_LL_GetRxDataSize)
    USBD_LL_Init                             0x08004c71   Thumb Code    90  usbd_conf.o(i.USBD_LL_Init)
    USBD_LL_IsStallEP                        0x08004cd1   Thumb Code    32  usbd_conf.o(i.USBD_LL_IsStallEP)
    USBD_LL_IsoINIncomplete                  0x08004cf1   Thumb Code    40  usbd_core.o(i.USBD_LL_IsoINIncomplete)
    USBD_LL_IsoOUTIncomplete                 0x08004d19   Thumb Code    40  usbd_core.o(i.USBD_LL_IsoOUTIncomplete)
    USBD_LL_OpenEP                           0x08004d41   Thumb Code    24  usbd_conf.o(i.USBD_LL_OpenEP)
    USBD_LL_PrepareReceive                   0x08004d59   Thumb Code    18  usbd_conf.o(i.USBD_LL_PrepareReceive)
    USBD_LL_Reset                            0x08004d6b   Thumb Code    92  usbd_core.o(i.USBD_LL_Reset)
    USBD_LL_Resume                           0x08004dc7   Thumb Code    20  usbd_core.o(i.USBD_LL_Resume)
    USBD_LL_SOF                              0x08004ddb   Thumb Code    26  usbd_core.o(i.USBD_LL_SOF)
    USBD_LL_SetSpeed                         0x08004df5   Thumb Code     6  usbd_core.o(i.USBD_LL_SetSpeed)
    USBD_LL_SetUSBAddress                    0x08004dfb   Thumb Code    18  usbd_conf.o(i.USBD_LL_SetUSBAddress)
    USBD_LL_SetupStage                       0x08004e0d   Thumb Code    96  usbd_core.o(i.USBD_LL_SetupStage)
    USBD_LL_StallEP                          0x08004e6d   Thumb Code    18  usbd_conf.o(i.USBD_LL_StallEP)
    USBD_LL_Start                            0x08004e7f   Thumb Code    18  usbd_conf.o(i.USBD_LL_Start)
    USBD_LL_Suspend                          0x08004e91   Thumb Code    18  usbd_core.o(i.USBD_LL_Suspend)
    USBD_LL_Transmit                         0x08004ea3   Thumb Code    18  usbd_conf.o(i.USBD_LL_Transmit)
    USBD_ParseSetupRequest                   0x08004eb5   Thumb Code    44  usbd_ctlreq.o(i.USBD_ParseSetupRequest)
    USBD_RegisterClass                       0x08004ee1   Thumb Code    58  usbd_core.o(i.USBD_RegisterClass)
    USBD_SetClassConfig                      0x08004f1b   Thumb Code    20  usbd_core.o(i.USBD_SetClassConfig)
    USBD_Start                               0x08004fe9   Thumb Code     4  usbd_core.o(i.USBD_Start)
    USBD_StdDevReq                           0x08004fed   Thumb Code   300  usbd_ctlreq.o(i.USBD_StdDevReq)
    USBD_StdEPReq                            0x08005119   Thumb Code   352  usbd_ctlreq.o(i.USBD_StdEPReq)
    USBD_StdItfReq                           0x08005279   Thumb Code   114  usbd_ctlreq.o(i.USBD_StdItfReq)
    USBD_static_free                         0x080052eb   Thumb Code     2  usbd_conf.o(i.USBD_static_free)
    USBD_static_malloc                       0x080052ed   Thumb Code     4  usbd_conf.o(i.USBD_static_malloc)
    USB_ActivateEndpoint                     0x080052f5   Thumb Code   122  stm32f4xx_ll_usb.o(i.USB_ActivateEndpoint)
    USB_ActivateSetup                        0x08005375   Thumb Code    28  stm32f4xx_ll_usb.o(i.USB_ActivateSetup)
    USB_CoreInit                             0x08005391   Thumb Code   112  stm32f4xx_ll_usb.o(i.USB_CoreInit)
    USB_DeactivateEndpoint                   0x08005445   Thumb Code   194  stm32f4xx_ll_usb.o(i.USB_DeactivateEndpoint)
    USB_DevConnect                           0x08005511   Thumb Code    28  stm32f4xx_ll_usb.o(i.USB_DevConnect)
    USB_DevDisconnect                        0x0800552d   Thumb Code    28  stm32f4xx_ll_usb.o(i.USB_DevDisconnect)
    USB_DevInit                              0x08005549   Thumb Code   362  stm32f4xx_ll_usb.o(i.USB_DevInit)
    USB_DisableGlobalInt                     0x080056bd   Thumb Code    12  stm32f4xx_ll_usb.o(i.USB_DisableGlobalInt)
    USB_EP0StartXfer                         0x080056c9   Thumb Code   280  stm32f4xx_ll_usb.o(i.USB_EP0StartXfer)
    USB_EP0_OutStart                         0x080057e5   Thumb Code    84  stm32f4xx_ll_usb.o(i.USB_EP0_OutStart)
    USB_EPClearStall                         0x0800583d   Thumb Code    88  stm32f4xx_ll_usb.o(i.USB_EPClearStall)
    USB_EPSetStall                           0x08005895   Thumb Code    88  stm32f4xx_ll_usb.o(i.USB_EPSetStall)
    USB_EPStartXfer                          0x080058ed   Thumb Code   480  stm32f4xx_ll_usb.o(i.USB_EPStartXfer)
    USB_EPStopXfer                           0x08005ad1   Thumb Code   158  stm32f4xx_ll_usb.o(i.USB_EPStopXfer)
    USB_EnableGlobalInt                      0x08005b6f   Thumb Code    12  stm32f4xx_ll_usb.o(i.USB_EnableGlobalInt)
    USB_FlushRxFifo                          0x08005b7d   Thumb Code    54  stm32f4xx_ll_usb.o(i.USB_FlushRxFifo)
    USB_FlushTxFifo                          0x08005bb9   Thumb Code    58  stm32f4xx_ll_usb.o(i.USB_FlushTxFifo)
    USB_GetDevSpeed                          0x08005bf9   Thumb Code    26  stm32f4xx_ll_usb.o(i.USB_GetDevSpeed)
    USB_GetMode                              0x08005c13   Thumb Code     8  stm32f4xx_ll_usb.o(i.USB_GetMode)
    USB_ReadDevAllInEpInterrupt              0x08005c1b   Thumb Code    14  stm32f4xx_ll_usb.o(i.USB_ReadDevAllInEpInterrupt)
    USB_ReadDevAllOutEpInterrupt             0x08005c29   Thumb Code    14  stm32f4xx_ll_usb.o(i.USB_ReadDevAllOutEpInterrupt)
    USB_ReadDevInEPInterrupt                 0x08005c37   Thumb Code    36  stm32f4xx_ll_usb.o(i.USB_ReadDevInEPInterrupt)
    USB_ReadDevOutEPInterrupt                0x08005c5b   Thumb Code    16  stm32f4xx_ll_usb.o(i.USB_ReadDevOutEPInterrupt)
    USB_ReadInterrupts                       0x08005c6b   Thumb Code     8  stm32f4xx_ll_usb.o(i.USB_ReadInterrupts)
    USB_ReadPacket                           0x08005c73   Thumb Code    62  stm32f4xx_ll_usb.o(i.USB_ReadPacket)
    USB_SetCurrentMode                       0x08005cb1   Thumb Code    92  stm32f4xx_ll_usb.o(i.USB_SetCurrentMode)
    USB_SetDevAddress                        0x08005d0d   Thumb Code    34  stm32f4xx_ll_usb.o(i.USB_SetDevAddress)
    USB_SetTurnaroundTime                    0x08005d31   Thumb Code   158  stm32f4xx_ll_usb.o(i.USB_SetTurnaroundTime)
    USB_WritePacket                          0x08005e19   Thumb Code    40  stm32f4xx_ll_usb.o(i.USB_WritePacket)
    USB_printf                               0x08005e41   Thumb Code    32  usbd_cdc_if.o(i.USB_printf)
    UsageFault_Handler                       0x08005e65   Thumb Code     2  stm32f4xx_it.o(i.UsageFault_Handler)
    Verify_CRC16_Check_Sum                   0x08005e69   Thumb Code    54  crcn.o(i.Verify_CRC16_Check_Sum)
    Verify_CRC8_Check_Sum                    0x08005ea5   Thumb Code    38  crcn.o(i.Verify_CRC8_Check_Sum)
    __0vsnprintf                             0x08005ecd   Thumb Code    40  printfa.o(i.__0vsnprintf)
    __1vsnprintf                             0x08005ecd   Thumb Code     0  printfa.o(i.__0vsnprintf)
    __2vsnprintf                             0x08005ecd   Thumb Code     0  printfa.o(i.__0vsnprintf)
    __c89vsnprintf                           0x08005ecd   Thumb Code     0  printfa.o(i.__0vsnprintf)
    vsnprintf                                0x08005ecd   Thumb Code     0  printfa.o(i.__0vsnprintf)
    __scatterload_copy                       0x08005f19   Thumb Code    14  handlers.o(i.__scatterload_copy)
    __scatterload_null                       0x08005f27   Thumb Code     2  handlers.o(i.__scatterload_null)
    __scatterload_zeroinit                   0x08005f29   Thumb Code    14  handlers.o(i.__scatterload_zeroinit)
    cmd_rc_callback_handler                  0x08006801   Thumb Code   132  referee.o(i.cmd_rc_callback_handler)
    judgeCalculate                           0x0800688d   Thumb Code   774  referee.o(i.judgeCalculate)
    main                                     0x08006b9d   Thumb Code    70  main.o(i.main)
    osDelay                                  0x08006bef   Thumb Code    14  cmsis_os.o(i.osDelay)
    osKernelStart                            0x08006bfd   Thumb Code    10  cmsis_os.o(i.osKernelStart)
    osThreadCreate                           0x08006c07   Thumb Code    84  cmsis_os.o(i.osThreadCreate)
    pvPortMalloc                             0x08006fa9   Thumb Code   216  heap_4.o(i.pvPortMalloc)
    pxPortInitialiseStack                    0x08007085   Thumb Code    40  port.o(i.pxPortInitialiseStack)
    uxListRemove                             0x080070d9   Thumb Code    38  list.o(i.uxListRemove)
    vApplicationGetIdleTaskMemory            0x08007101   Thumb Code    16  freertos.o(i.vApplicationGetIdleTaskMemory)
    vListInitialise                          0x08007115   Thumb Code    22  list.o(i.vListInitialise)
    vListInitialiseItem                      0x0800712b   Thumb Code     6  list.o(i.vListInitialiseItem)
    vListInsert                              0x08007131   Thumb Code    48  list.o(i.vListInsert)
    vListInsertEnd                           0x08007161   Thumb Code    24  list.o(i.vListInsertEnd)
    vPortEnterCritical                       0x08007179   Thumb Code    54  port.o(i.vPortEnterCritical)
    vPortExitCritical                        0x080071b9   Thumb Code    34  port.o(i.vPortExitCritical)
    vPortFree                                0x080071e1   Thumb Code    94  heap_4.o(i.vPortFree)
    vPortSetupTimerInterrupt                 0x08007245   Thumb Code    32  port.o(i.vPortSetupTimerInterrupt)
    vTaskDelay                               0x08007269   Thumb Code    66  tasks.o(i.vTaskDelay)
    vTaskStartScheduler                      0x080072b5   Thumb Code    90  tasks.o(i.vTaskStartScheduler)
    vTaskSuspendAll                          0x08007321   Thumb Code    10  tasks.o(i.vTaskSuspendAll)
    vTaskSwitchContext                       0x08007331   Thumb Code    82  tasks.o(i.vTaskSwitchContext)
    xPortStartScheduler                      0x0800738d   Thumb Code   222  port.o(i.xPortStartScheduler)
    xTaskCreate                              0x08007481   Thumb Code    90  tasks.o(i.xTaskCreate)
    xTaskCreateStatic                        0x080074db   Thumb Code    86  tasks.o(i.xTaskCreateStatic)
    xTaskIncrementTick                       0x08007531   Thumb Code   194  tasks.o(i.xTaskIncrementTick)
    xTaskResumeAll                           0x080075fd   Thumb Code   182  tasks.o(i.xTaskResumeAll)
    AHBPrescTable                            0x080076e4   Data          16  system_stm32f4xx.o(.constdata)
    APBPrescTable                            0x080076f4   Data           8  system_stm32f4xx.o(.constdata)
    CRC8_TAB                                 0x080076fc   Data         256  crcn.o(.constdata)
    wCRC_Table                               0x080077fc   Data         512  crcn.o(.constdata)
    Region$$Table$$Base                      0x08007a08   Number         0  anon$$obj.o(Region$$Table)
    Region$$Table$$Limit                     0x08007a28   Number         0  anon$$obj.o(Region$$Table)
    defaultTaskHandle                        0x20000000   Data           4  freertos.o(.data)
    hcrc                                     0x20000008   Data           8  crc.o(.data)
    uwTickFreq                               0x20000010   Data           1  stm32f4xx_hal.o(.data)
    uwTickPrio                               0x20000014   Data           4  stm32f4xx_hal.o(.data)
    uwTick                                   0x20000018   Data           4  stm32f4xx_hal.o(.data)
    SystemCoreClock                          0x2000001c   Data           4  system_stm32f4xx.o(.data)
    pxCurrentTCB                             0x20000020   Data           4  tasks.o(.data)
    CRC_INIT                                 0x20000088   Data           2  crcn.o(.data)
    u6_cmd_data                              0x2000008e   Data           2  referee.o(.data)
    Robot_ID_Data                            0x20000090   Data           4  referee.o(.data)
    FS_Desc                                  0x20000094   Data          28  usbd_desc.o(.data)
    USBD_LangIDDesc                          0x200000b0   Data           4  usbd_desc.o(.data)
    USBD_FS_DeviceDesc                       0x200000b4   Data          18  usbd_desc.o(.data)
    USBD_StringSerial                        0x200000c8   Data          26  usbd_desc.o(.data)
    USB_RX_STA                               0x200000e2   Data           2  usbd_cdc_if.o(.data)
    USBD_Interface_fops_FS                   0x200000e4   Data          20  usbd_cdc_if.o(.data)
    USBD_CDC                                 0x20000150   Data          56  usbd_cdc.o(.data)
    hcan1                                    0x200003dc   Data          40  can.o(.bss)
    hcan2                                    0x20000404   Data          40  can.o(.bss)
    hspi1                                    0x2000042c   Data          88  spi.o(.bss)
    htim4                                    0x20000484   Data          72  tim.o(.bss)
    htim5                                    0x200004cc   Data          72  tim.o(.bss)
    htim10                                   0x20000514   Data          72  tim.o(.bss)
    huart1                                   0x2000055c   Data          68  usart.o(.bss)
    huart3                                   0x200005a0   Data          68  usart.o(.bss)
    huart6                                   0x200005e4   Data          68  usart.o(.bss)
    hdma_usart1_rx                           0x20000628   Data          96  usart.o(.bss)
    hdma_usart1_tx                           0x20000688   Data          96  usart.o(.bss)
    hdma_usart3_rx                           0x200006e8   Data          96  usart.o(.bss)
    hdma_usart6_rx                           0x20000748   Data          96  usart.o(.bss)
    hdma_usart6_tx                           0x200007a8   Data          96  usart.o(.bss)
    htim14                                   0x20000808   Data          72  stm32f4xx_hal_timebase_tim.o(.bss)
    RC_DR16                                  0x20004540   Data          26  remote_control.o(.bss)
    uart6_rx_buff                            0x2000455a   Data         200  referee.o(.bss)
    Referee_system_data                      0x20004622   Data         618  referee.o(.bss)
    ht_motor                                 0x2000488c   Data          64  ht_motor.o(.bss)
    hUsbDeviceFS                             0x200048cc   Data         732  usb_device.o(.bss)
    USBD_StrDesc                             0x20004ba8   Data         512  usbd_desc.o(.bss)
    USB_RX_BUF                               0x20004da8   Data         200  usbd_cdc_if.o(.bss)
    UserRxBufferFS                           0x20004e70   Data        2048  usbd_cdc_if.o(.bss)
    UserTxBufferFS                           0x20005670   Data        2048  usbd_cdc_if.o(.bss)
    hpcd_USB_OTG_FS                          0x20006090   Data        1292  usbd_conf.o(.bss)
    __initial_sp                             0x20006da0   Data           0  startup_stm32f407xx.o(STACK)



==============================================================================

Memory Map of the image

  Image Entry point : 0x08000189

  Load Region LR_IROM1 (Base: 0x08000000, Size: 0x00007bb0, Max: 0x00100000, ABSOLUTE, COMPRESSED[0x00007ae8])

    Execution Region ER_IROM1 (Exec base: 0x08000000, Load base: 0x08000000, Size: 0x00007a28, Max: 0x00100000, ABSOLUTE)

    Exec Addr    Load Addr    Size         Type   Attr      Idx    E Section Name        Object

    0x08000000   0x08000000   0x00000188   Data   RO            3    RESET               startup_stm32f407xx.o
    0x08000188   0x08000188   0x00000000   Code   RO         7454  * .ARM.Collect$$$$00000000  mc_w.l(entry.o)
    0x08000188   0x08000188   0x00000004   Code   RO         7568    .ARM.Collect$$$$00000001  mc_w.l(entry2.o)
    0x0800018c   0x0800018c   0x00000004   Code   RO         7571    .ARM.Collect$$$$00000004  mc_w.l(entry5.o)
    0x08000190   0x08000190   0x00000000   Code   RO         7573    .ARM.Collect$$$$00000008  mc_w.l(entry7b.o)
    0x08000190   0x08000190   0x00000000   Code   RO         7575    .ARM.Collect$$$$0000000A  mc_w.l(entry8b.o)
    0x08000190   0x08000190   0x00000008   Code   RO         7576    .ARM.Collect$$$$0000000B  mc_w.l(entry9a.o)
    0x08000198   0x08000198   0x00000000   Code   RO         7578    .ARM.Collect$$$$0000000D  mc_w.l(entry10a.o)
    0x08000198   0x08000198   0x00000000   Code   RO         7580    .ARM.Collect$$$$0000000F  mc_w.l(entry11a.o)
    0x08000198   0x08000198   0x00000004   Code   RO         7569    .ARM.Collect$$$$00002712  mc_w.l(entry2.o)
    0x0800019c   0x0800019c   0x000000be   Code   RO         5785    .emb_text           port.o
    0x0800025a   0x0800025a   0x00000002   PAD
    0x0800025c   0x0800025c   0x00000024   Code   RO            4    .text               startup_stm32f407xx.o
    0x08000280   0x08000280   0x00000062   Code   RO         7457    .text               mc_w.l(uldiv.o)
    0x080002e2   0x080002e2   0x00000024   Code   RO         7459    .text               mc_w.l(memcpya.o)
    0x08000306   0x08000306   0x00000024   Code   RO         7463    .text               mc_w.l(memseta.o)
    0x0800032a   0x0800032a   0x0000014e   Code   RO         7495    .text               mf_w.l(dadd.o)
    0x08000478   0x08000478   0x000000e4   Code   RO         7497    .text               mf_w.l(dmul.o)
    0x0800055c   0x0800055c   0x000000de   Code   RO         7499    .text               mf_w.l(ddiv.o)
    0x0800063a   0x0800063a   0x0000002c   Code   RO         7585    .text               mc_w.l(uidiv.o)
    0x08000666   0x08000666   0x0000001e   Code   RO         7587    .text               mc_w.l(llshl.o)
    0x08000684   0x08000684   0x00000020   Code   RO         7589    .text               mc_w.l(llushr.o)
    0x080006a4   0x080006a4   0x00000024   Code   RO         7591    .text               mc_w.l(llsshr.o)
    0x080006c8   0x080006c8   0x00000000   Code   RO         7600    .text               mc_w.l(iusefp.o)
    0x080006c8   0x080006c8   0x000000ba   Code   RO         7603    .text               mf_w.l(depilogue.o)
    0x08000782   0x08000782   0x00000030   Code   RO         7607    .text               mf_w.l(dfixul.o)
    0x080007b2   0x080007b2   0x00000002   PAD
    0x080007b4   0x080007b4   0x00000030   Code   RO         7609    .text               mf_w.l(cdrcmple.o)
    0x080007e4   0x080007e4   0x00000024   Code   RO         7615    .text               mc_w.l(init.o)
    0x08000808   0x08000808   0x00000056   Code   RO         7627    .text               mc_w.l(__dczerorl2.o)
    0x0800085e   0x0800085e   0x00000002   Code   RO          674    i.BusFault_Handler  stm32f4xx_it.o
    0x08000860   0x08000860   0x0000000c   Code   RO          675    i.CAN1_RX0_IRQHandler  stm32f4xx_it.o
    0x0800086c   0x0800086c   0x0000000c   Code   RO          676    i.CAN2_RX0_IRQHandler  stm32f4xx_it.o
    0x08000878   0x08000878   0x00000004   Code   RO         6745    i.CDC_Control_FS    usbd_cdc_if.o
    0x0800087c   0x0800087c   0x00000004   Code   RO         6746    i.CDC_DeInit_FS     usbd_cdc_if.o
    0x08000880   0x08000880   0x00000024   Code   RO         6747    i.CDC_Init_FS       usbd_cdc_if.o
    0x080008a4   0x080008a4   0x00000040   Code   RO         6748    i.CDC_Receive_FS    usbd_cdc_if.o
    0x080008e4   0x080008e4   0x00000004   Code   RO         6749    i.CDC_TransmitCplt_FS  usbd_cdc_if.o
    0x080008e8   0x080008e8   0x00000060   Code   RO         6750    i.CDC_Transmit_FS   usbd_cdc_if.o
    0x08000948   0x08000948   0x00000082   Code   RO         6250    i.Callback_RC_Handle  remote_control.o
    0x080009ca   0x080009ca   0x00000002   PAD
    0x080009cc   0x080009cc   0x0000000c   Code   RO          677    i.DMA1_Stream1_IRQHandler  stm32f4xx_it.o
    0x080009d8   0x080009d8   0x0000000c   Code   RO          678    i.DMA2_Stream1_IRQHandler  stm32f4xx_it.o
    0x080009e4   0x080009e4   0x0000000c   Code   RO          679    i.DMA2_Stream2_IRQHandler  stm32f4xx_it.o
    0x080009f0   0x080009f0   0x0000000c   Code   RO          680    i.DMA2_Stream6_IRQHandler  stm32f4xx_it.o
    0x080009fc   0x080009fc   0x0000000c   Code   RO          681    i.DMA2_Stream7_IRQHandler  stm32f4xx_it.o
    0x08000a08   0x08000a08   0x00000028   Code   RO         1911    i.DMA_CalcBaseAndBitshift  stm32f4xx_hal_dma.o
    0x08000a30   0x08000a30   0x00000054   Code   RO         1912    i.DMA_CheckFifoParam  stm32f4xx_hal_dma.o
    0x08000a84   0x08000a84   0x00000002   Code   RO          682    i.DebugMon_Handler  stm32f4xx_it.o
    0x08000a86   0x08000a86   0x00000004   Code   RO           13    i.Error_Handler     main.o
    0x08000a8a   0x08000a8a   0x00000002   PAD
    0x08000a8c   0x08000a8c   0x0000002c   Code   RO         6068    i.Get_CRC16_Check_Sum  crcn.o
    0x08000ab8   0x08000ab8   0x0000001c   Code   RO         6069    i.Get_CRC8_Check_Sum  crcn.o
    0x08000ad4   0x08000ad4   0x00000002   Code   RO         2590    i.HAL_CAN_ErrorCallback  stm32f4xx_hal_can.o
    0x08000ad6   0x08000ad6   0x000000e8   Code   RO         2593    i.HAL_CAN_GetRxMessage  stm32f4xx_hal_can.o
    0x08000bbe   0x08000bbe   0x000001fc   Code   RO         2597    i.HAL_CAN_IRQHandler  stm32f4xx_hal_can.o
    0x08000dba   0x08000dba   0x0000011a   Code   RO         2598    i.HAL_CAN_Init      stm32f4xx_hal_can.o
    0x08000ed4   0x08000ed4   0x000000fc   Code   RO          404    i.HAL_CAN_MspInit   can.o
    0x08000fd0   0x08000fd0   0x00000002   Code   RO         2605    i.HAL_CAN_RxFifo0FullCallback  stm32f4xx_hal_can.o
    0x08000fd2   0x08000fd2   0x00000002   PAD
    0x08000fd4   0x08000fd4   0x00000058   Code   RO         5865    i.HAL_CAN_RxFifo0MsgPendingCallback  bsp_can.o
    0x0800102c   0x0800102c   0x00000002   Code   RO         2607    i.HAL_CAN_RxFifo1FullCallback  stm32f4xx_hal_can.o
    0x0800102e   0x0800102e   0x00000002   Code   RO         2608    i.HAL_CAN_RxFifo1MsgPendingCallback  stm32f4xx_hal_can.o
    0x08001030   0x08001030   0x00000002   Code   RO         2609    i.HAL_CAN_SleepCallback  stm32f4xx_hal_can.o
    0x08001032   0x08001032   0x00000002   Code   RO         2612    i.HAL_CAN_TxMailbox0AbortCallback  stm32f4xx_hal_can.o
    0x08001034   0x08001034   0x00000002   Code   RO         2613    i.HAL_CAN_TxMailbox0CompleteCallback  stm32f4xx_hal_can.o
    0x08001036   0x08001036   0x00000002   Code   RO         2614    i.HAL_CAN_TxMailbox1AbortCallback  stm32f4xx_hal_can.o
    0x08001038   0x08001038   0x00000002   Code   RO         2615    i.HAL_CAN_TxMailbox1CompleteCallback  stm32f4xx_hal_can.o
    0x0800103a   0x0800103a   0x00000002   Code   RO         2616    i.HAL_CAN_TxMailbox2AbortCallback  stm32f4xx_hal_can.o
    0x0800103c   0x0800103c   0x00000002   Code   RO         2617    i.HAL_CAN_TxMailbox2CompleteCallback  stm32f4xx_hal_can.o
    0x0800103e   0x0800103e   0x00000002   Code   RO         2619    i.HAL_CAN_WakeUpFromRxMsgCallback  stm32f4xx_hal_can.o
    0x08001040   0x08001040   0x00000022   Code   RO         2822    i.HAL_CRC_Init      stm32f4xx_hal_crc.o
    0x08001062   0x08001062   0x00000002   PAD
    0x08001064   0x08001064   0x00000028   Code   RO          453    i.HAL_CRC_MspInit   crc.o
    0x0800108c   0x0800108c   0x00000092   Code   RO         1914    i.HAL_DMA_Abort     stm32f4xx_hal_dma.o
    0x0800111e   0x0800111e   0x00000024   Code   RO         1915    i.HAL_DMA_Abort_IT  stm32f4xx_hal_dma.o
    0x08001142   0x08001142   0x00000002   PAD
    0x08001144   0x08001144   0x000001a0   Code   RO         1919    i.HAL_DMA_IRQHandler  stm32f4xx_hal_dma.o
    0x080012e4   0x080012e4   0x000000d4   Code   RO         1920    i.HAL_DMA_Init      stm32f4xx_hal_dma.o
    0x080013b8   0x080013b8   0x00000024   Code   RO         2333    i.HAL_Delay         stm32f4xx_hal.o
    0x080013dc   0x080013dc   0x000001f0   Code   RO         1807    i.HAL_GPIO_Init     stm32f4xx_hal_gpio.o
    0x080015cc   0x080015cc   0x0000000a   Code   RO         1811    i.HAL_GPIO_WritePin  stm32f4xx_hal_gpio.o
    0x080015d6   0x080015d6   0x00000002   PAD
    0x080015d8   0x080015d8   0x0000000c   Code   RO         2339    i.HAL_GetTick       stm32f4xx_hal.o
    0x080015e4   0x080015e4   0x00000010   Code   RO         2345    i.HAL_IncTick       stm32f4xx_hal.o
    0x080015f4   0x080015f4   0x00000034   Code   RO         2346    i.HAL_Init          stm32f4xx_hal.o
    0x08001628   0x08001628   0x00000098   Code   RO          828    i.HAL_InitTick      stm32f4xx_hal_timebase_tim.o
    0x080016c0   0x080016c0   0x00000038   Code   RO          804    i.HAL_MspInit       stm32f4xx_hal_msp.o
    0x080016f8   0x080016f8   0x0000001a   Code   RO         2196    i.HAL_NVIC_EnableIRQ  stm32f4xx_hal_cortex.o
    0x08001712   0x08001712   0x00000002   PAD
    0x08001714   0x08001714   0x00000040   Code   RO         2202    i.HAL_NVIC_SetPriority  stm32f4xx_hal_cortex.o
    0x08001754   0x08001754   0x00000024   Code   RO         2203    i.HAL_NVIC_SetPriorityGrouping  stm32f4xx_hal_cortex.o
    0x08001778   0x08001778   0x00000002   Code   RO         1106    i.HAL_PCDEx_LPM_Callback  stm32f4xx_hal_pcd_ex.o
    0x0800177a   0x0800177a   0x00000008   Code   RO         1107    i.HAL_PCDEx_SetRxFiFo  stm32f4xx_hal_pcd_ex.o
    0x08001782   0x08001782   0x00000044   Code   RO         1108    i.HAL_PCDEx_SetTxFiFo  stm32f4xx_hal_pcd_ex.o
    0x080017c6   0x080017c6   0x00000008   Code   RO         6816    i.HAL_PCD_ConnectCallback  usbd_conf.o
    0x080017ce   0x080017ce   0x00000012   Code   RO         6817    i.HAL_PCD_DataInStageCallback  usbd_conf.o
    0x080017e0   0x080017e0   0x00000014   Code   RO         6818    i.HAL_PCD_DataOutStageCallback  usbd_conf.o
    0x080017f4   0x080017f4   0x00000008   Code   RO         6819    i.HAL_PCD_DisconnectCallback  usbd_conf.o
    0x080017fc   0x080017fc   0x0000001e   Code   RO          876    i.HAL_PCD_EP_Abort  stm32f4xx_hal_pcd.o
    0x0800181a   0x0800181a   0x0000004c   Code   RO          877    i.HAL_PCD_EP_Close  stm32f4xx_hal_pcd.o
    0x08001866   0x08001866   0x0000005c   Code   RO          878    i.HAL_PCD_EP_ClrStall  stm32f4xx_hal_pcd.o
    0x080018c2   0x080018c2   0x00000012   Code   RO          880    i.HAL_PCD_EP_GetRxCount  stm32f4xx_hal_pcd.o
    0x080018d4   0x080018d4   0x00000060   Code   RO          881    i.HAL_PCD_EP_Open   stm32f4xx_hal_pcd.o
    0x08001934   0x08001934   0x00000048   Code   RO          882    i.HAL_PCD_EP_Receive  stm32f4xx_hal_pcd.o
    0x0800197c   0x0800197c   0x00000074   Code   RO          883    i.HAL_PCD_EP_SetStall  stm32f4xx_hal_pcd.o
    0x080019f0   0x080019f0   0x00000040   Code   RO          884    i.HAL_PCD_EP_Transmit  stm32f4xx_hal_pcd.o
    0x08001a30   0x08001a30   0x00000560   Code   RO          886    i.HAL_PCD_IRQHandler  stm32f4xx_hal_pcd.o
    0x08001f90   0x08001f90   0x00000008   Code   RO         6820    i.HAL_PCD_ISOINIncompleteCallback  usbd_conf.o
    0x08001f98   0x08001f98   0x00000008   Code   RO         6821    i.HAL_PCD_ISOOUTIncompleteCallback  usbd_conf.o
    0x08001fa0   0x08001fa0   0x000000e2   Code   RO          889    i.HAL_PCD_Init      stm32f4xx_hal_pcd.o
    0x08002082   0x08002082   0x00000002   PAD
    0x08002084   0x08002084   0x00000084   Code   RO         6823    i.HAL_PCD_MspInit   usbd_conf.o
    0x08002108   0x08002108   0x0000002c   Code   RO         6824    i.HAL_PCD_ResetCallback  usbd_conf.o
    0x08002134   0x08002134   0x00000008   Code   RO         6825    i.HAL_PCD_ResumeCallback  usbd_conf.o
    0x0800213c   0x0800213c   0x00000008   Code   RO         6826    i.HAL_PCD_SOFCallback  usbd_conf.o
    0x08002144   0x08002144   0x00000028   Code   RO          895    i.HAL_PCD_SetAddress  stm32f4xx_hal_pcd.o
    0x0800216c   0x0800216c   0x0000000e   Code   RO         6827    i.HAL_PCD_SetupStageCallback  usbd_conf.o
    0x0800217a   0x0800217a   0x00000042   Code   RO          898    i.HAL_PCD_Start     stm32f4xx_hal_pcd.o
    0x080021bc   0x080021bc   0x00000030   Code   RO         6828    i.HAL_PCD_SuspendCallback  usbd_conf.o
    0x080021ec   0x080021ec   0x00000134   Code   RO         1453    i.HAL_RCC_ClockConfig  stm32f4xx_hal_rcc.o
    0x08002320   0x08002320   0x00000040   Code   RO         1457    i.HAL_RCC_GetClockConfig  stm32f4xx_hal_rcc.o
    0x08002360   0x08002360   0x0000000c   Code   RO         1458    i.HAL_RCC_GetHCLKFreq  stm32f4xx_hal_rcc.o
    0x0800236c   0x0800236c   0x00000020   Code   RO         1460    i.HAL_RCC_GetPCLK1Freq  stm32f4xx_hal_rcc.o
    0x0800238c   0x0800238c   0x00000020   Code   RO         1461    i.HAL_RCC_GetPCLK2Freq  stm32f4xx_hal_rcc.o
    0x080023ac   0x080023ac   0x00000064   Code   RO         1462    i.HAL_RCC_GetSysClockFreq  stm32f4xx_hal_rcc.o
    0x08002410   0x08002410   0x0000036c   Code   RO         1465    i.HAL_RCC_OscConfig  stm32f4xx_hal_rcc.o
    0x0800277c   0x0800277c   0x000000bc   Code   RO         2889    i.HAL_SPI_Init      stm32f4xx_hal_spi.o
    0x08002838   0x08002838   0x00000090   Code   RO          519    i.HAL_SPI_MspInit   spi.o
    0x080028c8   0x080028c8   0x00000002   Code   RO         3906    i.HAL_TIMEx_BreakCallback  stm32f4xx_hal_tim_ex.o
    0x080028ca   0x080028ca   0x00000002   Code   RO         3907    i.HAL_TIMEx_CommutCallback  stm32f4xx_hal_tim_ex.o
    0x080028cc   0x080028cc   0x00000090   Code   RO         3925    i.HAL_TIMEx_MasterConfigSynchronization  stm32f4xx_hal_tim_ex.o
    0x0800295c   0x0800295c   0x0000005a   Code   RO         3202    i.HAL_TIM_Base_Init  stm32f4xx_hal_tim.o
    0x080029b6   0x080029b6   0x00000002   PAD
    0x080029b8   0x080029b8   0x00000060   Code   RO          561    i.HAL_TIM_Base_MspInit  tim.o
    0x08002a18   0x08002a18   0x00000080   Code   RO         3207    i.HAL_TIM_Base_Start_IT  stm32f4xx_hal_tim.o
    0x08002a98   0x08002a98   0x000000dc   Code   RO         3211    i.HAL_TIM_ConfigClockSource  stm32f4xx_hal_tim.o
    0x08002b74   0x08002b74   0x00000002   Code   RO         3236    i.HAL_TIM_IC_CaptureCallback  stm32f4xx_hal_tim.o
    0x08002b76   0x08002b76   0x00000166   Code   RO         3250    i.HAL_TIM_IRQHandler  stm32f4xx_hal_tim.o
    0x08002cdc   0x08002cdc   0x000000b4   Code   RO          562    i.HAL_TIM_MspPostInit  tim.o
    0x08002d90   0x08002d90   0x00000002   Code   RO         3253    i.HAL_TIM_OC_DelayElapsedCallback  stm32f4xx_hal_tim.o
    0x08002d92   0x08002d92   0x000000cc   Code   RO         3274    i.HAL_TIM_PWM_ConfigChannel  stm32f4xx_hal_tim.o
    0x08002e5e   0x08002e5e   0x0000005a   Code   RO         3277    i.HAL_TIM_PWM_Init  stm32f4xx_hal_tim.o
    0x08002eb8   0x08002eb8   0x00000002   Code   RO         3279    i.HAL_TIM_PWM_MspInit  stm32f4xx_hal_tim.o
    0x08002eba   0x08002eba   0x00000002   Code   RO         3280    i.HAL_TIM_PWM_PulseFinishedCallback  stm32f4xx_hal_tim.o
    0x08002ebc   0x08002ebc   0x00000014   Code   RO           14    i.HAL_TIM_PeriodElapsedCallback  main.o
    0x08002ed0   0x08002ed0   0x00000002   Code   RO         3293    i.HAL_TIM_TriggerCallback  stm32f4xx_hal_tim.o
    0x08002ed2   0x08002ed2   0x00000002   Code   RO         4184    i.HAL_UARTEx_RxEventCallback  stm32f4xx_hal_uart.o
    0x08002ed4   0x08002ed4   0x00000002   Code   RO         4198    i.HAL_UART_ErrorCallback  stm32f4xx_hal_uart.o
    0x08002ed6   0x08002ed6   0x00000002   PAD
    0x08002ed8   0x08002ed8   0x000000fc   Code   RO         5899    i.HAL_UART_IDLE_IRQHandler  bsp_usart.o
    0x08002fd4   0x08002fd4   0x00000268   Code   RO         4201    i.HAL_UART_IRQHandler  stm32f4xx_hal_uart.o
    0x0800323c   0x0800323c   0x00000062   Code   RO         4202    i.HAL_UART_Init     stm32f4xx_hal_uart.o
    0x0800329e   0x0800329e   0x00000002   PAD
    0x080032a0   0x080032a0   0x00000270   Code   RO          621    i.HAL_UART_MspInit  usart.o
    0x08003510   0x08003510   0x00000002   Code   RO         4208    i.HAL_UART_RxCpltCallback  stm32f4xx_hal_uart.o
    0x08003512   0x08003512   0x00000002   Code   RO         4213    i.HAL_UART_TxCpltCallback  stm32f4xx_hal_uart.o
    0x08003514   0x08003514   0x0000006c   Code   RO         6567    i.HT_MOTOR_GET_MESSAGE  ht_motor.o
    0x08003580   0x08003580   0x00000002   Code   RO          683    i.HardFault_Handler  stm32f4xx_it.o
    0x08003582   0x08003582   0x00000002   PAD
    0x08003584   0x08003584   0x00000038   Code   RO         6659    i.IntToUnicode      usbd_desc.o
    0x080035bc   0x080035bc   0x00000044   Code   RO          405    i.MX_CAN1_Init      can.o
    0x08003600   0x08003600   0x00000044   Code   RO          406    i.MX_CAN2_Init      can.o
    0x08003644   0x08003644   0x00000024   Code   RO          454    i.MX_CRC_Init       crc.o
    0x08003668   0x08003668   0x0000007c   Code   RO          494    i.MX_DMA_Init       dma.o
    0x080036e4   0x080036e4   0x00000028   Code   RO          329    i.MX_FREERTOS_Init  freertos.o
    0x0800370c   0x0800370c   0x000000cc   Code   RO          305    i.MX_GPIO_Init      gpio.o
    0x080037d8   0x080037d8   0x00000048   Code   RO          520    i.MX_SPI1_Init      spi.o
    0x08003820   0x08003820   0x00000064   Code   RO          563    i.MX_TIM10_Init     tim.o
    0x08003884   0x08003884   0x00000098   Code   RO          564    i.MX_TIM4_Init      tim.o
    0x0800391c   0x0800391c   0x000000b8   Code   RO          565    i.MX_TIM5_Init      tim.o
    0x080039d4   0x080039d4   0x00000038   Code   RO          622    i.MX_USART1_UART_Init  usart.o
    0x08003a0c   0x08003a0c   0x0000003c   Code   RO          623    i.MX_USART3_UART_Init  usart.o
    0x08003a48   0x08003a48   0x00000038   Code   RO          624    i.MX_USART6_UART_Init  usart.o
    0x08003a80   0x08003a80   0x00000054   Code   RO         6628    i.MX_USB_DEVICE_Init  usb_device.o
    0x08003ad4   0x08003ad4   0x00000002   Code   RO          684    i.MemManage_Handler  stm32f4xx_it.o
    0x08003ad6   0x08003ad6   0x00000002   Code   RO          685    i.NMI_Handler       stm32f4xx_it.o
    0x08003ad8   0x08003ad8   0x0000000c   Code   RO          686    i.OTG_FS_IRQHandler  stm32f4xx_it.o
    0x08003ae4   0x08003ae4   0x000000cc   Code   RO          902    i.PCD_EP_OutXfrComplete_int  stm32f4xx_hal_pcd.o
    0x08003bb0   0x08003bb0   0x000000a2   Code   RO          903    i.PCD_WriteEmptyTxFifo  stm32f4xx_hal_pcd.o
    0x08003c52   0x08003c52   0x0000000a   Code   RO         7182    i.SWAPBYTE          usbd_ctlreq.o
    0x08003c5c   0x08003c5c   0x00000048   Code   RO          330    i.StartDefaultTask  freertos.o
    0x08003ca4   0x08003ca4   0x0000002c   Code   RO         5786    i.SysTick_Handler   port.o
    0x08003cd0   0x08003cd0   0x00000094   Code   RO           15    i.SystemClock_Config  main.o
    0x08003d64   0x08003d64   0x00000010   Code   RO         4531    i.SystemInit        system_stm32f4xx.o
    0x08003d74   0x08003d74   0x0000000c   Code   RO          687    i.TIM8_TRG_COM_TIM14_IRQHandler  stm32f4xx_it.o
    0x08003d80   0x08003d80   0x000000c8   Code   RO         3295    i.TIM_Base_SetConfig  stm32f4xx_hal_tim.o
    0x08003e48   0x08003e48   0x00000014   Code   RO         3306    i.TIM_ETR_SetConfig  stm32f4xx_hal_tim.o
    0x08003e5c   0x08003e5c   0x00000010   Code   RO         3307    i.TIM_ITRx_SetConfig  stm32f4xx_hal_tim.o
    0x08003e6c   0x08003e6c   0x00000060   Code   RO         3308    i.TIM_OC1_SetConfig  stm32f4xx_hal_tim.o
    0x08003ecc   0x08003ecc   0x0000006c   Code   RO         3309    i.TIM_OC2_SetConfig  stm32f4xx_hal_tim.o
    0x08003f38   0x08003f38   0x00000068   Code   RO         3310    i.TIM_OC3_SetConfig  stm32f4xx_hal_tim.o
    0x08003fa0   0x08003fa0   0x00000050   Code   RO         3311    i.TIM_OC4_SetConfig  stm32f4xx_hal_tim.o
    0x08003ff0   0x08003ff0   0x00000022   Code   RO         3313    i.TIM_TI1_ConfigInputStage  stm32f4xx_hal_tim.o
    0x08004012   0x08004012   0x00000024   Code   RO         3315    i.TIM_TI2_ConfigInputStage  stm32f4xx_hal_tim.o
    0x08004036   0x08004036   0x00000010   Code   RO         4215    i.UART_DMAAbortOnError  stm32f4xx_hal_uart.o
    0x08004046   0x08004046   0x0000004e   Code   RO         4225    i.UART_EndRxTransfer  stm32f4xx_hal_uart.o
    0x08004094   0x08004094   0x000000c0   Code   RO         4227    i.UART_Receive_IT   stm32f4xx_hal_uart.o
    0x08004154   0x08004154   0x0000010c   Code   RO         4228    i.UART_SetConfig    stm32f4xx_hal_uart.o
    0x08004260   0x08004260   0x0000000c   Code   RO          688    i.USART1_IRQHandler  stm32f4xx_it.o
    0x0800426c   0x0800426c   0x0000000c   Code   RO          689    i.USART3_IRQHandler  stm32f4xx_it.o
    0x08004278   0x08004278   0x0000000c   Code   RO          690    i.USART6_IRQHandler  stm32f4xx_it.o
    0x08004284   0x08004284   0x00000076   Code   RO         7315    i.USBD_CDC_DataIn   usbd_cdc.o
    0x080042fa   0x080042fa   0x0000003c   Code   RO         7316    i.USBD_CDC_DataOut  usbd_cdc.o
    0x08004336   0x08004336   0x00000002   PAD
    0x08004338   0x08004338   0x00000090   Code   RO         7317    i.USBD_CDC_DeInit   usbd_cdc.o
    0x080043c8   0x080043c8   0x00000036   Code   RO         7318    i.USBD_CDC_EP0_RxReady  usbd_cdc.o
    0x080043fe   0x080043fe   0x00000002   PAD
    0x08004400   0x08004400   0x0000000c   Code   RO         7319    i.USBD_CDC_GetDeviceQualifierDescriptor  usbd_cdc.o
    0x0800440c   0x0800440c   0x0000003c   Code   RO         7320    i.USBD_CDC_GetFSCfgDesc  usbd_cdc.o
    0x08004448   0x08004448   0x00000040   Code   RO         7321    i.USBD_CDC_GetHSCfgDesc  usbd_cdc.o
    0x08004488   0x08004488   0x0000003c   Code   RO         7322    i.USBD_CDC_GetOtherSpeedCfgDesc  usbd_cdc.o
    0x080044c4   0x080044c4   0x00000118   Code   RO         7323    i.USBD_CDC_Init     usbd_cdc.o
    0x080045dc   0x080045dc   0x00000038   Code   RO         7324    i.USBD_CDC_ReceivePacket  usbd_cdc.o
    0x08004614   0x08004614   0x00000016   Code   RO         7325    i.USBD_CDC_RegisterInterface  usbd_cdc.o
    0x0800462a   0x0800462a   0x0000001a   Code   RO         7326    i.USBD_CDC_SetRxBuffer  usbd_cdc.o
    0x08004644   0x08004644   0x0000001e   Code   RO         7327    i.USBD_CDC_SetTxBuffer  usbd_cdc.o
    0x08004662   0x08004662   0x000000d4   Code   RO         7328    i.USBD_CDC_Setup    usbd_cdc.o
    0x08004736   0x08004736   0x00000002   PAD
    0x08004738   0x08004738   0x00000050   Code   RO         7329    i.USBD_CDC_TransmitPacket  usbd_cdc.o
    0x08004788   0x08004788   0x00000014   Code   RO         7023    i.USBD_ClrClassConfig  usbd_core.o
    0x0800479c   0x0800479c   0x00000004   Code   RO         7024    i.USBD_CoreFindEP   usbd_core.o
    0x080047a0   0x080047a0   0x00000004   Code   RO         7025    i.USBD_CoreFindIF   usbd_core.o
    0x080047a4   0x080047a4   0x00000010   Code   RO         7255    i.USBD_CtlContinueRx  usbd_ioreq.o
    0x080047b4   0x080047b4   0x00000010   Code   RO         7256    i.USBD_CtlContinueSendData  usbd_ioreq.o
    0x080047c4   0x080047c4   0x00000016   Code   RO         7183    i.USBD_CtlError     usbd_ctlreq.o
    0x080047da   0x080047da   0x0000001e   Code   RO         7257    i.USBD_CtlPrepareRx  usbd_ioreq.o
    0x080047f8   0x080047f8   0x00000016   Code   RO         7258    i.USBD_CtlReceiveStatus  usbd_ioreq.o
    0x0800480e   0x0800480e   0x0000001a   Code   RO         7259    i.USBD_CtlSendData  usbd_ioreq.o
    0x08004828   0x08004828   0x00000016   Code   RO         7260    i.USBD_CtlSendStatus  usbd_ioreq.o
    0x0800483e   0x0800483e   0x00000002   PAD
    0x08004840   0x08004840   0x00000020   Code   RO         6660    i.USBD_FS_ConfigStrDescriptor  usbd_desc.o
    0x08004860   0x08004860   0x0000000c   Code   RO         6661    i.USBD_FS_DeviceDescriptor  usbd_desc.o
    0x0800486c   0x0800486c   0x00000024   Code   RO         6662    i.USBD_FS_InterfaceStrDescriptor  usbd_desc.o
    0x08004890   0x08004890   0x0000000c   Code   RO         6663    i.USBD_FS_LangIDStrDescriptor  usbd_desc.o
    0x0800489c   0x0800489c   0x00000028   Code   RO         6664    i.USBD_FS_ManufacturerStrDescriptor  usbd_desc.o
    0x080048c4   0x080048c4   0x0000002c   Code   RO         6665    i.USBD_FS_ProductStrDescriptor  usbd_desc.o
    0x080048f0   0x080048f0   0x00000038   Code   RO         6666    i.USBD_FS_SerialStrDescriptor  usbd_desc.o
    0x08004928   0x08004928   0x000000e6   Code   RO         7184    i.USBD_GetDescriptor  usbd_ctlreq.o
    0x08004a0e   0x08004a0e   0x0000003a   Code   RO         7027    i.USBD_GetEpDesc    usbd_core.o
    0x08004a48   0x08004a48   0x0000000e   Code   RO         7028    i.USBD_GetNextDesc  usbd_core.o
    0x08004a56   0x08004a56   0x00000048   Code   RO         7185    i.USBD_GetString    usbd_ctlreq.o
    0x08004a9e   0x08004a9e   0x00000018   Code   RO         6829    i.USBD_Get_USB_Status  usbd_conf.o
    0x08004ab6   0x08004ab6   0x00000026   Code   RO         7029    i.USBD_Init         usbd_core.o
    0x08004adc   0x08004adc   0x00000012   Code   RO         6830    i.USBD_LL_ClearStallEP  usbd_conf.o
    0x08004aee   0x08004aee   0x00000012   Code   RO         6831    i.USBD_LL_CloseEP   usbd_conf.o
    0x08004b00   0x08004b00   0x000000b6   Code   RO         7030    i.USBD_LL_DataInStage  usbd_core.o
    0x08004bb6   0x08004bb6   0x0000008e   Code   RO         7031    i.USBD_LL_DataOutStage  usbd_core.o
    0x08004c44   0x08004c44   0x00000004   Code   RO         7032    i.USBD_LL_DevConnected  usbd_core.o
    0x08004c48   0x08004c48   0x0000001e   Code   RO         7033    i.USBD_LL_DevDisconnected  usbd_core.o
    0x08004c66   0x08004c66   0x00000008   Code   RO         6835    i.USBD_LL_GetRxDataSize  usbd_conf.o
    0x08004c6e   0x08004c6e   0x00000002   PAD
    0x08004c70   0x08004c70   0x00000060   Code   RO         6836    i.USBD_LL_Init      usbd_conf.o
    0x08004cd0   0x08004cd0   0x00000020   Code   RO         6837    i.USBD_LL_IsStallEP  usbd_conf.o
    0x08004cf0   0x08004cf0   0x00000028   Code   RO         7034    i.USBD_LL_IsoINIncomplete  usbd_core.o
    0x08004d18   0x08004d18   0x00000028   Code   RO         7035    i.USBD_LL_IsoOUTIncomplete  usbd_core.o
    0x08004d40   0x08004d40   0x00000018   Code   RO         6838    i.USBD_LL_OpenEP    usbd_conf.o
    0x08004d58   0x08004d58   0x00000012   Code   RO         6839    i.USBD_LL_PrepareReceive  usbd_conf.o
    0x08004d6a   0x08004d6a   0x0000005c   Code   RO         7036    i.USBD_LL_Reset     usbd_core.o
    0x08004dc6   0x08004dc6   0x00000014   Code   RO         7037    i.USBD_LL_Resume    usbd_core.o
    0x08004dda   0x08004dda   0x0000001a   Code   RO         7038    i.USBD_LL_SOF       usbd_core.o
    0x08004df4   0x08004df4   0x00000006   Code   RO         7039    i.USBD_LL_SetSpeed  usbd_core.o
    0x08004dfa   0x08004dfa   0x00000012   Code   RO         6840    i.USBD_LL_SetUSBAddress  usbd_conf.o
    0x08004e0c   0x08004e0c   0x00000060   Code   RO         7040    i.USBD_LL_SetupStage  usbd_core.o
    0x08004e6c   0x08004e6c   0x00000012   Code   RO         6841    i.USBD_LL_StallEP   usbd_conf.o
    0x08004e7e   0x08004e7e   0x00000012   Code   RO         6842    i.USBD_LL_Start     usbd_conf.o
    0x08004e90   0x08004e90   0x00000012   Code   RO         7041    i.USBD_LL_Suspend   usbd_core.o
    0x08004ea2   0x08004ea2   0x00000012   Code   RO         6844    i.USBD_LL_Transmit  usbd_conf.o
    0x08004eb4   0x08004eb4   0x0000002c   Code   RO         7186    i.USBD_ParseSetupRequest  usbd_ctlreq.o
    0x08004ee0   0x08004ee0   0x0000003a   Code   RO         7042    i.USBD_RegisterClass  usbd_core.o
    0x08004f1a   0x08004f1a   0x00000014   Code   RO         7044    i.USBD_SetClassConfig  usbd_core.o
    0x08004f2e   0x08004f2e   0x00000002   PAD
    0x08004f30   0x08004f30   0x000000b8   Code   RO         7187    i.USBD_SetConfig    usbd_ctlreq.o
    0x08004fe8   0x08004fe8   0x00000004   Code   RO         7045    i.USBD_Start        usbd_core.o
    0x08004fec   0x08004fec   0x0000012c   Code   RO         7188    i.USBD_StdDevReq    usbd_ctlreq.o
    0x08005118   0x08005118   0x00000160   Code   RO         7189    i.USBD_StdEPReq     usbd_ctlreq.o
    0x08005278   0x08005278   0x00000072   Code   RO         7190    i.USBD_StdItfReq    usbd_ctlreq.o
    0x080052ea   0x080052ea   0x00000002   Code   RO         6845    i.USBD_static_free  usbd_conf.o
    0x080052ec   0x080052ec   0x00000008   Code   RO         6846    i.USBD_static_malloc  usbd_conf.o
    0x080052f4   0x080052f4   0x00000080   Code   RO         1148    i.USB_ActivateEndpoint  stm32f4xx_ll_usb.o
    0x08005374   0x08005374   0x0000001c   Code   RO         1150    i.USB_ActivateSetup  stm32f4xx_ll_usb.o
    0x08005390   0x08005390   0x00000074   Code   RO         1152    i.USB_CoreInit      stm32f4xx_ll_usb.o
    0x08005404   0x08005404   0x00000040   Code   RO         1153    i.USB_CoreReset     stm32f4xx_ll_usb.o
    0x08005444   0x08005444   0x000000cc   Code   RO         1156    i.USB_DeactivateEndpoint  stm32f4xx_ll_usb.o
    0x08005510   0x08005510   0x0000001c   Code   RO         1157    i.USB_DevConnect    stm32f4xx_ll_usb.o
    0x0800552c   0x0800552c   0x0000001c   Code   RO         1158    i.USB_DevDisconnect  stm32f4xx_ll_usb.o
    0x08005548   0x08005548   0x00000174   Code   RO         1159    i.USB_DevInit       stm32f4xx_ll_usb.o
    0x080056bc   0x080056bc   0x0000000c   Code   RO         1160    i.USB_DisableGlobalInt  stm32f4xx_ll_usb.o
    0x080056c8   0x080056c8   0x0000011c   Code   RO         1163    i.USB_EP0StartXfer  stm32f4xx_ll_usb.o
    0x080057e4   0x080057e4   0x00000058   Code   RO         1164    i.USB_EP0_OutStart  stm32f4xx_ll_usb.o
    0x0800583c   0x0800583c   0x00000058   Code   RO         1165    i.USB_EPClearStall  stm32f4xx_ll_usb.o
    0x08005894   0x08005894   0x00000058   Code   RO         1166    i.USB_EPSetStall    stm32f4xx_ll_usb.o
    0x080058ec   0x080058ec   0x000001e4   Code   RO         1167    i.USB_EPStartXfer   stm32f4xx_ll_usb.o
    0x08005ad0   0x08005ad0   0x0000009e   Code   RO         1168    i.USB_EPStopXfer    stm32f4xx_ll_usb.o
    0x08005b6e   0x08005b6e   0x0000000c   Code   RO         1169    i.USB_EnableGlobalInt  stm32f4xx_ll_usb.o
    0x08005b7a   0x08005b7a   0x00000002   PAD
    0x08005b7c   0x08005b7c   0x0000003c   Code   RO         1170    i.USB_FlushRxFifo   stm32f4xx_ll_usb.o
    0x08005bb8   0x08005bb8   0x00000040   Code   RO         1171    i.USB_FlushTxFifo   stm32f4xx_ll_usb.o
    0x08005bf8   0x08005bf8   0x0000001a   Code   RO         1173    i.USB_GetDevSpeed   stm32f4xx_ll_usb.o
    0x08005c12   0x08005c12   0x00000008   Code   RO         1175    i.USB_GetMode       stm32f4xx_ll_usb.o
    0x08005c1a   0x08005c1a   0x0000000e   Code   RO         1182    i.USB_ReadDevAllInEpInterrupt  stm32f4xx_ll_usb.o
    0x08005c28   0x08005c28   0x0000000e   Code   RO         1183    i.USB_ReadDevAllOutEpInterrupt  stm32f4xx_ll_usb.o
    0x08005c36   0x08005c36   0x00000024   Code   RO         1184    i.USB_ReadDevInEPInterrupt  stm32f4xx_ll_usb.o
    0x08005c5a   0x08005c5a   0x00000010   Code   RO         1185    i.USB_ReadDevOutEPInterrupt  stm32f4xx_ll_usb.o
    0x08005c6a   0x08005c6a   0x00000008   Code   RO         1186    i.USB_ReadInterrupts  stm32f4xx_ll_usb.o
    0x08005c72   0x08005c72   0x0000003e   Code   RO         1187    i.USB_ReadPacket    stm32f4xx_ll_usb.o
    0x08005cb0   0x08005cb0   0x0000005c   Code   RO         1189    i.USB_SetCurrentMode  stm32f4xx_ll_usb.o
    0x08005d0c   0x08005d0c   0x00000022   Code   RO         1190    i.USB_SetDevAddress  stm32f4xx_ll_usb.o
    0x08005d2e   0x08005d2e   0x00000002   PAD
    0x08005d30   0x08005d30   0x000000e8   Code   RO         1192    i.USB_SetTurnaroundTime  stm32f4xx_ll_usb.o
    0x08005e18   0x08005e18   0x00000028   Code   RO         1195    i.USB_WritePacket   stm32f4xx_ll_usb.o
    0x08005e40   0x08005e40   0x00000024   Code   RO         6751    i.USB_printf        usbd_cdc_if.o
    0x08005e64   0x08005e64   0x00000002   Code   RO          691    i.UsageFault_Handler  stm32f4xx_it.o
    0x08005e66   0x08005e66   0x00000002   PAD
    0x08005e68   0x08005e68   0x0000003c   Code   RO         6070    i.Verify_CRC16_Check_Sum  crcn.o
    0x08005ea4   0x08005ea4   0x00000026   Code   RO         6071    i.Verify_CRC8_Check_Sum  crcn.o
    0x08005eca   0x08005eca   0x00000002   PAD
    0x08005ecc   0x08005ecc   0x0000002c   Code   RO         7473    i.__0vsnprintf      mc_w.l(printfa.o)
    0x08005ef8   0x08005ef8   0x00000020   Code   RO         2209    i.__NVIC_SetPriority  stm32f4xx_hal_cortex.o
    0x08005f18   0x08005f18   0x0000000e   Code   RO         7621    i.__scatterload_copy  mc_w.l(handlers.o)
    0x08005f26   0x08005f26   0x00000002   Code   RO         7622    i.__scatterload_null  mc_w.l(handlers.o)
    0x08005f28   0x08005f28   0x0000000e   Code   RO         7623    i.__scatterload_zeroinit  mc_w.l(handlers.o)
    0x08005f36   0x08005f36   0x00000002   PAD
    0x08005f38   0x08005f38   0x00000184   Code   RO         7475    i._fp_digits        mc_w.l(printfa.o)
    0x080060bc   0x080060bc   0x000006dc   Code   RO         7476    i._printf_core      mc_w.l(printfa.o)
    0x08006798   0x08006798   0x00000024   Code   RO         7477    i._printf_post_padding  mc_w.l(printfa.o)
    0x080067bc   0x080067bc   0x0000002e   Code   RO         7478    i._printf_pre_padding  mc_w.l(printfa.o)
    0x080067ea   0x080067ea   0x00000016   Code   RO         7479    i._snputc           mc_w.l(printfa.o)
    0x08006800   0x08006800   0x0000008c   Code   RO         6464    i.cmd_rc_callback_handler  referee.o
    0x0800688c   0x0800688c   0x00000310   Code   RO         6467    i.judgeCalculate    referee.o
    0x08006b9c   0x08006b9c   0x00000046   Code   RO           16    i.main              main.o
    0x08006be2   0x08006be2   0x0000000c   Code   RO         5351    i.makeFreeRtosPriority  cmsis_os.o
    0x08006bee   0x08006bee   0x0000000e   Code   RO         5353    i.osDelay           cmsis_os.o
    0x08006bfc   0x08006bfc   0x0000000a   Code   RO         5356    i.osKernelStart     cmsis_os.o
    0x08006c06   0x08006c06   0x00000054   Code   RO         5390    i.osThreadCreate    cmsis_os.o
    0x08006c5a   0x08006c5a   0x00000002   PAD
    0x08006c5c   0x08006c5c   0x00000070   Code   RO         5033    i.prvAddCurrentTaskToDelayedList  tasks.o
    0x08006ccc   0x08006ccc   0x000000d0   Code   RO         5034    i.prvAddNewTaskToReadyList  tasks.o
    0x08006d9c   0x08006d9c   0x00000034   Code   RO         5035    i.prvDeleteTCB      tasks.o
    0x08006dd0   0x08006dd0   0x0000004c   Code   RO         5718    i.prvHeapInit       heap_4.o
    0x08006e1c   0x08006e1c   0x00000060   Code   RO         5036    i.prvIdleTask       tasks.o
    0x08006e7c   0x08006e7c   0x00000098   Code   RO         5037    i.prvInitialiseNewTask  tasks.o
    0x08006f14   0x08006f14   0x0000004c   Code   RO         5719    i.prvInsertBlockIntoFreeList  heap_4.o
    0x08006f60   0x08006f60   0x00000020   Code   RO         5038    i.prvResetNextTaskUnblockTime  tasks.o
    0x08006f80   0x08006f80   0x00000028   Code   RO         5787    i.prvTaskExitError  port.o
    0x08006fa8   0x08006fa8   0x000000dc   Code   RO         5720    i.pvPortMalloc      heap_4.o
    0x08007084   0x08007084   0x0000002c   Code   RO         5788    i.pxPortInitialiseStack  port.o
    0x080070b0   0x080070b0   0x00000028   Code   RO         6571    i.uint_to_float     ht_motor.o
    0x080070d8   0x080070d8   0x00000026   Code   RO         4669    i.uxListRemove      list.o
    0x080070fe   0x080070fe   0x00000002   PAD
    0x08007100   0x08007100   0x00000014   Code   RO          331    i.vApplicationGetIdleTaskMemory  freertos.o
    0x08007114   0x08007114   0x00000016   Code   RO         4670    i.vListInitialise   list.o
    0x0800712a   0x0800712a   0x00000006   Code   RO         4671    i.vListInitialiseItem  list.o
    0x08007130   0x08007130   0x00000030   Code   RO         4672    i.vListInsert       list.o
    0x08007160   0x08007160   0x00000018   Code   RO         4673    i.vListInsertEnd    list.o
    0x08007178   0x08007178   0x00000040   Code   RO         5790    i.vPortEnterCritical  port.o
    0x080071b8   0x080071b8   0x00000028   Code   RO         5791    i.vPortExitCritical  port.o
    0x080071e0   0x080071e0   0x00000064   Code   RO         5721    i.vPortFree         heap_4.o
    0x08007244   0x08007244   0x00000024   Code   RO         5792    i.vPortSetupTimerInterrupt  port.o
    0x08007268   0x08007268   0x0000004c   Code   RO         5047    i.vTaskDelay        tasks.o
    0x080072b4   0x080072b4   0x0000006c   Code   RO         5060    i.vTaskStartScheduler  tasks.o
    0x08007320   0x08007320   0x00000010   Code   RO         5062    i.vTaskSuspendAll   tasks.o
    0x08007330   0x08007330   0x0000005c   Code   RO         5063    i.vTaskSwitchContext  tasks.o
    0x0800738c   0x0800738c   0x000000f4   Code   RO         5794    i.xPortStartScheduler  port.o
    0x08007480   0x08007480   0x0000005a   Code   RO         5066    i.xTaskCreate       tasks.o
    0x080074da   0x080074da   0x00000056   Code   RO         5067    i.xTaskCreateStatic  tasks.o
    0x08007530   0x08007530   0x000000cc   Code   RO         5074    i.xTaskIncrementTick  tasks.o
    0x080075fc   0x080075fc   0x000000c4   Code   RO         5080    i.xTaskResumeAll    tasks.o
    0x080076c0   0x080076c0   0x0000001c   Data   RO          333    .constdata          freertos.o
    0x080076dc   0x080076dc   0x00000008   Data   RO         1926    .constdata          stm32f4xx_hal_dma.o
    0x080076e4   0x080076e4   0x00000010   Data   RO         4532    .constdata          system_stm32f4xx.o
    0x080076f4   0x080076f4   0x00000008   Data   RO         4533    .constdata          system_stm32f4xx.o
    0x080076fc   0x080076fc   0x00000300   Data   RO         6073    .constdata          crcn.o
    0x080079fc   0x080079fc   0x0000000c   Data   RO          334    .conststring        freertos.o
    0x08007a08   0x08007a08   0x00000020   Data   RO         7619    Region$$Table       anon$$obj.o


    Execution Region RW_IRAM1 (Exec base: 0x20000000, Load base: 0x08007a28, Size: 0x00006da0, Max: 0x0001c000, ABSOLUTE, COMPRESSED[0x000000c0])

    Exec Addr    Load Addr    Size         Type   Attr      Idx    E Section Name        Object

    0x20000000   COMPRESSED   0x00000004   Data   RW          335    .data               freertos.o
    0x20000004   COMPRESSED   0x00000004   Data   RW          408    .data               can.o
    0x20000008   COMPRESSED   0x00000008   Data   RW          455    .data               crc.o
    0x20000010   COMPRESSED   0x0000000c   Data   RW         2353    .data               stm32f4xx_hal.o
    0x2000001c   COMPRESSED   0x00000004   Data   RW         4534    .data               system_stm32f4xx.o
    0x20000020   COMPRESSED   0x0000003c   Data   RW         5083    .data               tasks.o
    0x2000005c   COMPRESSED   0x00000020   Data   RW         5727    .data               heap_4.o
    0x2000007c   COMPRESSED   0x0000000c   Data   RW         5795    .data               port.o
    0x20000088   COMPRESSED   0x00000002   Data   RW         6074    .data               crcn.o
    0x2000008a   COMPRESSED   0x0000000a   Data   RW         6470    .data               referee.o
    0x20000094   COMPRESSED   0x0000001c   Data   RW         6668    .data               usbd_desc.o
    0x200000b0   COMPRESSED   0x00000032   Data   RW         6669    .data               usbd_desc.o
    0x200000e2   COMPRESSED   0x00000002   Data   RW         6753    .data               usbd_cdc_if.o
    0x200000e4   COMPRESSED   0x00000014   Data   RW         6754    .data               usbd_cdc_if.o
    0x200000f8   COMPRESSED   0x00000001   Data   RW         7191    .data               usbd_ctlreq.o
    0x200000f9   COMPRESSED   0x00000003   PAD
    0x200000fc   COMPRESSED   0x00000053   Data   RW         7330    .data               usbd_cdc.o
    0x2000014f   COMPRESSED   0x00000001   PAD
    0x20000150   COMPRESSED   0x00000038   Data   RW         7331    .data               usbd_cdc.o
    0x20000188        -       0x00000254   Zero   RW          332    .bss                freertos.o
    0x200003dc        -       0x00000050   Zero   RW          407    .bss                can.o
    0x2000042c        -       0x00000058   Zero   RW          521    .bss                spi.o
    0x20000484        -       0x000000d8   Zero   RW          566    .bss                tim.o
    0x2000055c        -       0x000002ac   Zero   RW          625    .bss                usart.o
    0x20000808        -       0x00000048   Zero   RW          831    .bss                stm32f4xx_hal_timebase_tim.o
    0x20000850        -       0x000000f0   Zero   RW         5082    .bss                tasks.o
    0x20000940        -       0x00003c00   Zero   RW         5726    .bss                heap_4.o
    0x20004540        -       0x0000001a   Zero   RW         6252    .bss                remote_control.o
    0x2000455a        -       0x00000332   Zero   RW         6468    .bss                referee.o
    0x2000488c        -       0x00000040   Zero   RW         6572    .bss                ht_motor.o
    0x200048cc        -       0x000002dc   Zero   RW         6629    .bss                usb_device.o
    0x20004ba8        -       0x00000200   Zero   RW         6667    .bss                usbd_desc.o
    0x20004da8        -       0x000010c8   Zero   RW         6752    .bss                usbd_cdc_if.o
    0x20005e70        -       0x0000072c   Zero   RW         6847    .bss                usbd_conf.o
    0x2000659c   COMPRESSED   0x00000004   PAD
    0x200065a0        -       0x00000800   Zero   RW            1    STACK               startup_stm32f407xx.o


    Execution Region RW_IRAM2 (Exec base: 0x2001c000, Load base: 0x08007ae8, Size: 0x00000000, Max: 0x00004000, ABSOLUTE)

    **** No section assigned to this execution region ****


==============================================================================

Image component sizes


      Code (inc. data)   RO Data    RW Data    ZI Data      Debug   Object Name

        88         10          0          0          0        952   bsp_can.o
       252         20          0          0          0       1095   bsp_usart.o
       388         42          0          4         80       2394   can.o
       120          0          0          0          0      23133   cmsis_os.o
        76         18          0          8          0       1451   crc.o
       170         16        768          2          0       3575   crcn.o
       124          4          0          0          0        806   dma.o
         0          0          0          0          0      16820   event_groups.o
       132         36         40          4        596       4353   freertos.o
       204         12          0          0          0       1039   gpio.o
       472         24          0         32      15360       7287   heap_4.o
       148         18          0          0         64       2690   ht_motor.o
       138          0          0          0          0       3442   list.o
       242         14          0          0          0     756580   main.o
       702         72          0         12          0      10792   port.o
       924         24          0         10        818       9667   referee.o
       130          0          0          0         26       2531   remote_control.o
       216         24          0          0         88       1673   spi.o
        36          8        392          0       2048        816   startup_stm32f407xx.o
       116         18          0         12          0       8590   stm32f4xx_hal.o
      1046          0          0          0          0      10306   stm32f4xx_hal_can.o
       158         14          0          0          0      33070   stm32f4xx_hal_cortex.o
        34          0          0          0          0       1011   stm32f4xx_hal_crc.o
       934         16          8          0          0       5491   stm32f4xx_hal_dma.o
       506         46          0          0          0       2140   stm32f4xx_hal_gpio.o
        56          4          0          0          0        830   stm32f4xx_hal_msp.o
      2638         12          0          0          0      13428   stm32f4xx_hal_pcd.o
        78          0          0          0          0       2329   stm32f4xx_hal_pcd_ex.o
      1424         92          0          0          0       6237   stm32f4xx_hal_rcc.o
       188          0          0          0          0       1159   stm32f4xx_hal_spi.o
      1794        108          0          0          0      15050   stm32f4xx_hal_tim.o
       148         28          0          0          0       2385   stm32f4xx_hal_tim_ex.o
       152         20          0          0         72       1428   stm32f4xx_hal_timebase_tim.o
      1276         16          0          0          0       8116   stm32f4xx_hal_uart.o
       156         72          0          0          0       8163   stm32f4xx_it.o
      2888        134          0          0          0      23431   stm32f4xx_ll_usb.o
         0          0          0          0          0        396   stream_buffer.o
        16          4         24          4          0       1075   system_stm32f4xx.o
      1520        112          0         60        240      19170   tasks.o
       712         74          0          0        216       3840   tim.o
       796         80          0          0        684       3547   usart.o
        84         18          0          0        732        772   usb_device.o
      1278         36          0        139          0      14073   usbd_cdc.o
       244         32          0         22       4296       5319   usbd_cdc_if.o
       644         24          0          0       1836      16304   usbd_conf.o
       916          0          0          0          0      15055   usbd_core.o
      1328         28          0          1          0      14696   usbd_ctlreq.o
       288        104          0         78        512       6001   usbd_desc.o
       132          0          0          0          0       4400   usbd_ioreq.o

    ----------------------------------------------------------------------
     26162       1434       1264        392      27672    1098908   Object Totals
         0          0         32          0          0          0   (incl. Generated)
        50          0          0          4          4          0   (incl. Padding)

    ----------------------------------------------------------------------

      Code (inc. data)   RO Data    RW Data    ZI Data      Debug   Library Member Name

        86          0          0          0          0          0   __dczerorl2.o
         0          0          0          0          0          0   entry.o
         0          0          0          0          0          0   entry10a.o
         0          0          0          0          0          0   entry11a.o
         8          4          0          0          0          0   entry2.o
         4          0          0          0          0          0   entry5.o
         0          0          0          0          0          0   entry7b.o
         0          0          0          0          0          0   entry8b.o
         8          4          0          0          0          0   entry9a.o
        30          0          0          0          0          0   handlers.o
        36          8          0          0          0         68   init.o
         0          0          0          0          0          0   iusefp.o
        30          0          0          0          0         68   llshl.o
        36          0          0          0          0         68   llsshr.o
        32          0          0          0          0         68   llushr.o
        36          0          0          0          0         68   memcpya.o
        36          0          0          0          0        108   memseta.o
      2292         84          0          0          0        516   printfa.o
        44          0          0          0          0         80   uidiv.o
        98          0          0          0          0         92   uldiv.o
        48          0          0          0          0         68   cdrcmple.o
       334          0          0          0          0        148   dadd.o
       222          0          0          0          0        100   ddiv.o
       186          0          0          0          0        176   depilogue.o
        48          0          0          0          0         68   dfixul.o
       228          0          0          0          0         96   dmul.o

    ----------------------------------------------------------------------
      3846        100          0          0          0       1792   Library Totals
         4          0          0          0          0          0   (incl. Padding)

    ----------------------------------------------------------------------

      Code (inc. data)   RO Data    RW Data    ZI Data      Debug   Library Name

      2776        100          0          0          0       1136   mc_w.l
      1066          0          0          0          0        656   mf_w.l

    ----------------------------------------------------------------------
      3846        100          0          0          0       1792   Library Totals

    ----------------------------------------------------------------------

==============================================================================


      Code (inc. data)   RO Data    RW Data    ZI Data      Debug   

     30008       1534       1264        392      27672    1070448   Grand Totals
     30008       1534       1264        192      27672    1070448   ELF Image Totals (compressed)
     30008       1534       1264        192          0          0   ROM Totals

==============================================================================

    Total RO  Size (Code + RO Data)                31272 (  30.54kB)
    Total RW  Size (RW Data + ZI Data)             28064 (  27.41kB)
    Total ROM Size (Code + RO Data + RW Data)      31464 (  30.73kB)

==============================================================================

