<html>
<body>
<pre>
<h1>µVision Build Log</h1>
<h2>Tool Versions:</h2>
IDE-Version: ¦ÌVision V5.28.0.0
Copyright (C) 2019 ARM Ltd and ARM Germany GmbH. All rights reserved.
License Information: taylor Lenovo, ts, LIC=50DRA-1EF8S-RC7JZ-JNUIJ-SJ4CG-WN67F
 
Tool Versions:
Toolchain:       MDK-ARM Professional  Version: 5.28.0.0
Toolchain Path:  D:\keli MDK\1\ARM\ARMCC\Bin
C Compiler:      Armcc.exe V5.06 update 6 (build 750)
Assembler:       Armasm.exe V5.06 update 6 (build 750)
Linker/Locator:  ArmLink.exe V5.06 update 6 (build 750)
Library Manager: ArmAr.exe V5.06 update 6 (build 750)
Hex Converter:   FromElf.exe V5.06 update 6 (build 750)
CPU DLL:         SARMCM3.DLL V5.28.0.0
Dialog DLL:      DCM.DLL V1.17.3.0
Target DLL:      CMSIS_AGDI.dll V1.31.18.0
Dialog DLL:      TCM.DLL V1.36.2.0
 
<h2>Project:</h2>
E:\begin\all_start\MDK-ARM\all_start.uvprojx
Project File Date:  12/21/2023

<h2>Output:</h2>
*** Using Compiler 'V5.06 update 6 (build 750)', folder: 'D:\keli MDK\1\ARM\ARMCC\Bin'
Build target 'all_start'
compiling freertos.c...
../Code/module/motor/dji_motor.h(41): warning:  #1-D: last line of file ends without a newline
  #endif
../Code/module/motor/ht_motor.h(47): warning:  #1295-D: Deprecated declaration HT_motor_init - give arg types
  void HT_motor_init();
../Code/module/algorithm/crcn.h(14): warning:  #1-D: last line of file ends without a newline
  #endif
..\Code\bsp\usb\bsp_usb.h(34): warning:  #1-D: last line of file ends without a newline
  #endif
../Core/Src/freertos.c: 4 warnings, 0 errors
linking...
Program Size: Code=30008 RO-data=1264 RW-data=392 ZI-data=27672  
FromELF: creating hex file...
"all_start\all_start.axf" - 0 Error(s), 4 Warning(s).

<h2>Software Packages used:</h2>

Package Vendor: ARM
                http://www.keil.com/pack/ARM.CMSIS.5.9.0.pack
                ARM.CMSIS.5.9.0
                CMSIS (Common Microcontroller Software Interface Standard)
   * Component: CORE Version: 5.6.0

Package Vendor: Keil
                http://www.keil.com/pack/Keil.STM32F4xx_DFP.2.16.0.pack
                Keil.STM32F4xx_DFP.2.16.0
                STMicroelectronics STM32F4 Series Device Support, Drivers and Examples

<h2>Collection of Component include folders:</h2>
  .\RTE\_all_start
  D:\keli MDK\2\ARM\CMSIS\5.9.0\CMSIS\Core\Include
  D:\keli MDK\2\Keil\STM32F4xx_DFP\2.16.0\Drivers\CMSIS\Device\ST\STM32F4xx\Include

<h2>Collection of Component Files used:</h2>

   * Component: ARM::CMSIS:CORE:5.6.0
      Include file:  CMSIS\Core\Include\tz_context.h
Build Time Elapsed:  00:00:03
</pre>
</body>
</html>
